<?xml version="1.0" encoding="ISO-8859-1" ?>
<link_info>
   <banner>TI ARM Linker Unix v20.2.7.LTS</banner>
   <copyright>Copyright (c) 1996-2018 Texas Instruments Incorporated</copyright>
   <link_time>0x64bf5bdd</link_time>
   <link_errors>0x0</link_errors>
   <output_file>Blink_FE.out</output_file>
   <entry_point>
      <name>_c_int00_noargs</name>
      <address>0x59ed</address>
   </entry_point>
   <input_file_list>
      <input_file id="fl-2">
         <path>./</path>
         <kind>object</kind>
         <file>led_task.obj</file>
         <name>led_task.obj</name>
      </input_file>
      <input_file id="fl-3">
         <path>./</path>
         <kind>object</kind>
         <file>main.obj</file>
         <name>main.obj</name>
      </input_file>
      <input_file id="fl-4">
         <path>./</path>
         <kind>object</kind>
         <file>switch_task.obj</file>
         <name>switch_task.obj</name>
      </input_file>
      <input_file id="fl-5">
         <path>./</path>
         <kind>object</kind>
         <file>tm4c123gh6pm_startup_ccs.obj</file>
         <name>tm4c123gh6pm_startup_ccs.obj</name>
      </input_file>
      <input_file id="fl-6">
         <path>./</path>
         <kind>object</kind>
         <file>uartstdio.obj</file>
         <name>uartstdio.obj</name>
      </input_file>
      <input_file id="fl-7">
         <path>./FreeRTOS/</path>
         <kind>object</kind>
         <file>croutine.obj</file>
         <name>croutine.obj</name>
      </input_file>
      <input_file id="fl-8">
         <path>./FreeRTOS/</path>
         <kind>object</kind>
         <file>event_groups.obj</file>
         <name>event_groups.obj</name>
      </input_file>
      <input_file id="fl-9">
         <path>./FreeRTOS/</path>
         <kind>object</kind>
         <file>list.obj</file>
         <name>list.obj</name>
      </input_file>
      <input_file id="fl-a">
         <path>./FreeRTOS/</path>
         <kind>object</kind>
         <file>queue.obj</file>
         <name>queue.obj</name>
      </input_file>
      <input_file id="fl-b">
         <path>./FreeRTOS/</path>
         <kind>object</kind>
         <file>stream_buffer.obj</file>
         <name>stream_buffer.obj</name>
      </input_file>
      <input_file id="fl-c">
         <path>./FreeRTOS/</path>
         <kind>object</kind>
         <file>tasks.obj</file>
         <name>tasks.obj</name>
      </input_file>
      <input_file id="fl-d">
         <path>./FreeRTOS/</path>
         <kind>object</kind>
         <file>timers.obj</file>
         <name>timers.obj</name>
      </input_file>
      <input_file id="fl-e">
         <path>./FreeRTOS/portable/CCS/ARM_CM4F/</path>
         <kind>object</kind>
         <file>port.obj</file>
         <name>port.obj</name>
      </input_file>
      <input_file id="fl-f">
         <path>./FreeRTOS/portable/CCS/ARM_CM4F/</path>
         <kind>object</kind>
         <file>portasm.obj</file>
         <name>portasm.obj</name>
      </input_file>
      <input_file id="fl-10">
         <path>./FreeRTOS/portable/MemMang/</path>
         <kind>object</kind>
         <file>heap_4.obj</file>
         <name>heap_4.obj</name>
      </input_file>
      <input_file id="fl-11">
         <path>./drivers/</path>
         <kind>object</kind>
         <file>buttons.obj</file>
         <name>buttons.obj</name>
      </input_file>
      <input_file id="fl-12">
         <path>./drivers/</path>
         <kind>object</kind>
         <file>rgb.obj</file>
         <name>rgb.obj</name>
      </input_file>
      <input_file id="fl-17">
         <kind>object</kind>
         <file>&lt;internal&gt;</file>
         <name>&lt;internal&gt;</name>
      </input_file>
      <input_file id="fl-cd">
         <path>/Applications/ti/ccs1210/ccs/tools/compiler/ti-cgt-arm_20.2.7.LTS/lib/</path>
         <kind>archive</kind>
         <file>rtsv7M4_T_le_v4SPD16_eabi.lib</file>
         <name>fs_toull_t2.asm.obj</name>
      </input_file>
      <input_file id="fl-ce">
         <path>/Applications/ti/ccs1210/ccs/tools/compiler/ti-cgt-arm_20.2.7.LTS/lib/</path>
         <kind>archive</kind>
         <file>rtsv7M4_T_le_v4SPD16_eabi.lib</file>
         <name>memcpy_t2.asm.obj</name>
      </input_file>
      <input_file id="fl-cf">
         <path>/Applications/ti/ccs1210/ccs/tools/compiler/ti-cgt-arm_20.2.7.LTS/lib/</path>
         <kind>archive</kind>
         <file>rtsv7M4_T_le_v4SPD16_eabi.lib</file>
         <name>memset_t2.asm.obj</name>
      </input_file>
      <input_file id="fl-d0">
         <path>/Applications/ti/ccs1210/ccs/tools/compiler/ti-cgt-arm_20.2.7.LTS/lib/</path>
         <kind>archive</kind>
         <file>rtsv7M4_T_le_v4SPD16_eabi.lib</file>
         <name>u_divt2.asm.obj</name>
      </input_file>
      <input_file id="fl-d1">
         <path>/Applications/ti/ccs1210/ccs/tools/compiler/ti-cgt-arm_20.2.7.LTS/lib/</path>
         <kind>archive</kind>
         <file>rtsv7M4_T_le_v4SPD16_eabi.lib</file>
         <name>copy_zero_init.c.obj</name>
      </input_file>
      <input_file id="fl-d2">
         <path>/Applications/ti/ccs1210/ccs/tools/compiler/ti-cgt-arm_20.2.7.LTS/lib/</path>
         <kind>archive</kind>
         <file>rtsv7M4_T_le_v4SPD16_eabi.lib</file>
         <name>copy_decompress_none.c.obj</name>
      </input_file>
      <input_file id="fl-d3">
         <path>/Applications/ti/ccs1210/ccs/tools/compiler/ti-cgt-arm_20.2.7.LTS/lib/</path>
         <kind>archive</kind>
         <file>rtsv7M4_T_le_v4SPD16_eabi.lib</file>
         <name>copy_decompress_lzss.c.obj</name>
      </input_file>
      <input_file id="fl-d4">
         <path>/Applications/ti/ccs1210/ccs/tools/compiler/ti-cgt-arm_20.2.7.LTS/lib/</path>
         <kind>archive</kind>
         <file>rtsv7M4_T_le_v4SPD16_eabi.lib</file>
         <name>boot_cortex_m.c.obj</name>
      </input_file>
      <input_file id="fl-d5">
         <path>/Applications/ti/ccs1210/ccs/tools/compiler/ti-cgt-arm_20.2.7.LTS/lib/</path>
         <kind>archive</kind>
         <file>rtsv7M4_T_le_v4SPD16_eabi.lib</file>
         <name>div0.asm.obj</name>
      </input_file>
      <input_file id="fl-d6">
         <path>/Applications/ti/ccs1210/ccs/tools/compiler/ti-cgt-arm_20.2.7.LTS/lib/</path>
         <kind>archive</kind>
         <file>rtsv7M4_T_le_v4SPD16_eabi.lib</file>
         <name>autoinit.c.obj</name>
      </input_file>
      <input_file id="fl-d7">
         <path>/Applications/ti/ccs1210/ccs/tools/compiler/ti-cgt-arm_20.2.7.LTS/lib/</path>
         <kind>archive</kind>
         <file>rtsv7M4_T_le_v4SPD16_eabi.lib</file>
         <name>pre_init.c.obj</name>
      </input_file>
      <input_file id="fl-d8">
         <path>/Applications/ti/ccs1210/ccs/tools/compiler/ti-cgt-arm_20.2.7.LTS/lib/</path>
         <kind>archive</kind>
         <file>rtsv7M4_T_le_v4SPD16_eabi.lib</file>
         <name>cpy_tbl.c.obj</name>
      </input_file>
      <input_file id="fl-d9">
         <path>/Applications/ti/ccs1210/ccs/tools/compiler/ti-cgt-arm_20.2.7.LTS/lib/</path>
         <kind>archive</kind>
         <file>rtsv7M4_T_le_v4SPD16_eabi.lib</file>
         <name>exit.c.obj</name>
      </input_file>
      <input_file id="fl-da">
         <path>/Applications/ti/ccs1210/ccs/tools/compiler/ti-cgt-arm_20.2.7.LTS/lib/</path>
         <kind>archive</kind>
         <file>rtsv7M4_T_le_v4SPD16_eabi.lib</file>
         <name>_lock.c.obj</name>
      </input_file>
      <input_file id="fl-db">
         <path>/Applications/ti/ccs1210/ccs/tools/compiler/ti-cgt-arm_20.2.7.LTS/lib/</path>
         <kind>archive</kind>
         <file>rtsv7M4_T_le_v4SPD16_eabi.lib</file>
         <name>args_main.c.obj</name>
      </input_file>
      <input_file id="fl-dc">
         <path>/Users/david/Public/CCS/ti/TivaWare_C_Series-2.2.0.295/driverlib/ccs/Debug/</path>
         <kind>archive</kind>
         <file>driverlib.lib</file>
         <name>gpio.obj</name>
      </input_file>
      <input_file id="fl-dd">
         <path>/Users/david/Public/CCS/ti/TivaWare_C_Series-2.2.0.295/driverlib/ccs/Debug/</path>
         <kind>archive</kind>
         <file>driverlib.lib</file>
         <name>interrupt.obj</name>
      </input_file>
      <input_file id="fl-de">
         <path>/Users/david/Public/CCS/ti/TivaWare_C_Series-2.2.0.295/driverlib/ccs/Debug/</path>
         <kind>archive</kind>
         <file>driverlib.lib</file>
         <name>sysctl.obj</name>
      </input_file>
      <input_file id="fl-df">
         <path>/Users/david/Public/CCS/ti/TivaWare_C_Series-2.2.0.295/driverlib/ccs/Debug/</path>
         <kind>archive</kind>
         <file>driverlib.lib</file>
         <name>timer.obj</name>
      </input_file>
      <input_file id="fl-e0">
         <path>/Users/david/Public/CCS/ti/TivaWare_C_Series-2.2.0.295/driverlib/ccs/Debug/</path>
         <kind>archive</kind>
         <file>driverlib.lib</file>
         <name>uart.obj</name>
      </input_file>
      <input_file id="fl-e1">
         <path>/Users/david/Public/CCS/ti/TivaWare_C_Series-2.2.0.295/driverlib/ccs/Debug/</path>
         <kind>archive</kind>
         <file>driverlib.lib</file>
         <name>cpu.obj</name>
      </input_file>
   </input_file_list>
   <object_component_list>
      <object_component id="oc-12">
         <name>.intvecs</name>
         <load_address>0x0</load_address>
         <run_address>0x0</run_address>
         <size>0x26c</size>
         <input_file_ref idref="fl-5"/>
      </object_component>
      <object_component id="oc-7f">
         <name>.text</name>
         <load_address>0x26c</load_address>
         <run_address>0x26c</run_address>
         <size>0x21ec</size>
         <input_file_ref idref="fl-c"/>
      </object_component>
      <object_component id="oc-12d">
         <name>.text</name>
         <load_address>0x2458</load_address>
         <run_address>0x2458</run_address>
         <size>0x10c0</size>
         <input_file_ref idref="fl-a"/>
      </object_component>
      <object_component id="oc-f3">
         <name>.text</name>
         <load_address>0x3518</load_address>
         <run_address>0x3518</run_address>
         <size>0x6ec</size>
         <input_file_ref idref="fl-d"/>
      </object_component>
      <object_component id="oc-121">
         <name>.text</name>
         <load_address>0x3c04</load_address>
         <run_address>0x3c04</run_address>
         <size>0x4a8</size>
         <input_file_ref idref="fl-6"/>
      </object_component>
      <object_component id="oc-de">
         <name>.text</name>
         <load_address>0x40ac</load_address>
         <run_address>0x40ac</run_address>
         <size>0x468</size>
         <input_file_ref idref="fl-10"/>
      </object_component>
      <object_component id="oc-263">
         <name>.text</name>
         <load_address>0x4514</load_address>
         <run_address>0x4514</run_address>
         <size>0x340</size>
         <input_file_ref idref="fl-12"/>
      </object_component>
      <object_component id="oc-32">
         <name>.text</name>
         <load_address>0x4854</load_address>
         <run_address>0x4854</run_address>
         <size>0x2b8</size>
         <input_file_ref idref="fl-e"/>
      </object_component>
      <object_component id="oc-133">
         <name>.text</name>
         <load_address>0x4b0c</load_address>
         <run_address>0x4b0c</run_address>
         <size>0x1cc</size>
         <input_file_ref idref="fl-2"/>
      </object_component>
      <object_component id="oc-139">
         <name>.text</name>
         <load_address>0x4cd8</load_address>
         <run_address>0x4cd8</run_address>
         <size>0x188</size>
         <input_file_ref idref="fl-4"/>
      </object_component>
      <object_component id="oc-214">
         <name>.text:GPIOPadConfigSet</name>
         <load_address>0x4e60</load_address>
         <run_address>0x4e60</run_address>
         <size>0x16c</size>
         <input_file_ref idref="fl-dc"/>
      </object_component>
      <object_component id="oc-e4">
         <name>.text</name>
         <load_address>0x4fcc</load_address>
         <run_address>0x4fcc</run_address>
         <size>0x12a</size>
         <input_file_ref idref="fl-9"/>
      </object_component>
      <object_component id="oc-2f4">
         <name>.text</name>
         <load_address>0x50f6</load_address>
         <run_address>0x50f6</run_address>
         <size>0x2</size>
         <input_file_ref idref="fl-d5"/>
      </object_component>
      <object_component id="oc-342">
         <name>.text:SysCtlClockGet</name>
         <load_address>0x50f8</load_address>
         <run_address>0x50f8</run_address>
         <size>0x118</size>
         <input_file_ref idref="fl-de"/>
      </object_component>
      <object_component id="oc-271">
         <name>.text</name>
         <load_address>0x5210</load_address>
         <run_address>0x5210</run_address>
         <size>0x104</size>
         <input_file_ref idref="fl-11"/>
      </object_component>
      <object_component id="oc-127">
         <name>.text:SysCtlClockSet</name>
         <load_address>0x5314</load_address>
         <run_address>0x5314</run_address>
         <size>0xf4</size>
         <input_file_ref idref="fl-de"/>
      </object_component>
      <object_component id="oc-86">
         <name>.text</name>
         <load_address>0x5408</load_address>
         <run_address>0x5408</run_address>
         <size>0xf0</size>
         <input_file_ref idref="fl-3"/>
      </object_component>
      <object_component id="oc-2d">
         <name>.text</name>
         <load_address>0x54f8</load_address>
         <run_address>0x54f8</run_address>
         <size>0xda</size>
         <input_file_ref idref="fl-f"/>
      </object_component>
      <object_component id="oc-46">
         <name>.text</name>
         <load_address>0x55d2</load_address>
         <run_address>0x55d2</run_address>
         <size>0x9c</size>
         <input_file_ref idref="fl-ce"/>
      </object_component>
      <object_component id="oc-bc">
         <name>.text</name>
         <load_address>0x566e</load_address>
         <run_address>0x566e</run_address>
         <size>0x7a</size>
         <input_file_ref idref="fl-cf"/>
      </object_component>
      <object_component id="oc-318">
         <name>.text:IntEnable</name>
         <load_address>0x56e8</load_address>
         <run_address>0x56e8</run_address>
         <size>0x68</size>
         <input_file_ref idref="fl-dd"/>
      </object_component>
      <object_component id="oc-15">
         <name>.text:decompress:lzss:__TI_decompress_lzss</name>
         <load_address>0x5750</load_address>
         <run_address>0x5750</run_address>
         <size>0x68</size>
         <input_file_ref idref="fl-d3"/>
      </object_component>
      <object_component id="oc-30c">
         <name>.text:TimerConfigure</name>
         <load_address>0x57b8</load_address>
         <run_address>0x57b8</run_address>
         <size>0x60</size>
         <input_file_ref idref="fl-df"/>
      </object_component>
      <object_component id="oc-348">
         <name>.text</name>
         <load_address>0x5818</load_address>
         <run_address>0x5818</run_address>
         <size>0x50</size>
         <input_file_ref idref="fl-cd"/>
      </object_component>
      <object_component id="oc-10f">
         <name>.text:GPIOPinConfigure</name>
         <load_address>0x5868</load_address>
         <run_address>0x5868</run_address>
         <size>0x4c</size>
         <input_file_ref idref="fl-dc"/>
      </object_component>
      <object_component id="oc-228">
         <name>.text:UARTConfigSetExpClk</name>
         <load_address>0x58b4</load_address>
         <run_address>0x58b4</run_address>
         <size>0x46</size>
         <input_file_ref idref="fl-e0"/>
      </object_component>
      <object_component id="oc-180">
         <name>.text:__TI_auto_init_nobinit_nopinit:__TI_auto_init_nobinit_nopinit</name>
         <load_address>0x58fc</load_address>
         <run_address>0x58fc</run_address>
         <size>0x44</size>
         <input_file_ref idref="fl-d6"/>
      </object_component>
      <object_component id="oc-249">
         <name>.text</name>
         <load_address>0x5940</load_address>
         <run_address>0x5940</run_address>
         <size>0x40</size>
         <input_file_ref idref="fl-d0"/>
      </object_component>
      <object_component id="oc-222">
         <name>.text:SysCtlPeripheralPresent</name>
         <load_address>0x5980</load_address>
         <run_address>0x5980</run_address>
         <size>0x38</size>
         <input_file_ref idref="fl-de"/>
      </object_component>
      <object_component id="oc-109">
         <name>.text:SysCtlPeripheralEnable</name>
         <load_address>0x59b8</load_address>
         <run_address>0x59b8</run_address>
         <size>0x34</size>
         <input_file_ref idref="fl-de"/>
      </object_component>
      <object_component id="oc-64">
         <name>.text:_c_int00_noargs:_c_int00_noargs</name>
         <load_address>0x59ec</load_address>
         <run_address>0x59ec</run_address>
         <size>0x34</size>
         <input_file_ref idref="fl-d4"/>
      </object_component>
      <object_component id="oc-20e">
         <name>.text:GPIODirModeSet</name>
         <load_address>0x5a20</load_address>
         <run_address>0x5a20</run_address>
         <size>0x2c</size>
         <input_file_ref idref="fl-dc"/>
      </object_component>
      <object_component id="oc-2e4">
         <name>.text:UARTDisable</name>
         <load_address>0x5a4c</load_address>
         <run_address>0x5a4c</run_address>
         <size>0x20</size>
         <input_file_ref idref="fl-e0"/>
      </object_component>
      <object_component id="oc-336">
         <name>.text:TimerDisable</name>
         <load_address>0x5a6c</load_address>
         <run_address>0x5a6c</run_address>
         <size>0x18</size>
         <input_file_ref idref="fl-df"/>
      </object_component>
      <object_component id="oc-330">
         <name>.text:GPIOPinTypeGPIOInput</name>
         <load_address>0x5a84</load_address>
         <run_address>0x5a84</run_address>
         <size>0x16</size>
         <input_file_ref idref="fl-dc"/>
      </object_component>
      <object_component id="oc-32a">
         <name>.text:GPIOPinTypeTimer</name>
         <load_address>0x5a9a</load_address>
         <run_address>0x5a9a</run_address>
         <size>0x16</size>
         <input_file_ref idref="fl-dc"/>
      </object_component>
      <object_component id="oc-115">
         <name>.text:GPIOPinTypeUART</name>
         <load_address>0x5ab0</load_address>
         <run_address>0x5ab0</run_address>
         <size>0x16</size>
         <input_file_ref idref="fl-dc"/>
      </object_component>
      <object_component id="oc-22e">
         <name>.text:UARTEnable</name>
         <load_address>0x5ac6</load_address>
         <run_address>0x5ac6</run_address>
         <size>0x14</size>
         <input_file_ref idref="fl-e0"/>
      </object_component>
      <object_component id="oc-34d">
         <name>.text:TimerLoadSet</name>
         <load_address>0x5ada</load_address>
         <run_address>0x5ada</run_address>
         <size>0x12</size>
         <input_file_ref idref="fl-df"/>
      </object_component>
      <object_component id="oc-33c">
         <name>.text:TimerMatchSet</name>
         <load_address>0x5aec</load_address>
         <run_address>0x5aec</run_address>
         <size>0x12</size>
         <input_file_ref idref="fl-df"/>
      </object_component>
      <object_component id="oc-324">
         <name>.text:TimerEnable</name>
         <load_address>0x5afe</load_address>
         <run_address>0x5afe</run_address>
         <size>0xe</size>
         <input_file_ref idref="fl-df"/>
      </object_component>
      <object_component id="oc-1b">
         <name>.text:decompress:none:__TI_decompress_none</name>
         <load_address>0x5b0c</load_address>
         <run_address>0x5b0c</run_address>
         <size>0xe</size>
         <input_file_ref idref="fl-d2"/>
      </object_component>
      <object_component id="oc-58">
         <name>.text:decompress:ZI:__TI_zero_init</name>
         <load_address>0x5b1a</load_address>
         <run_address>0x5b1a</run_address>
         <size>0xc</size>
         <input_file_ref idref="fl-d1"/>
      </object_component>
      <object_component id="oc-27">
         <name>.text</name>
         <load_address>0x5b26</load_address>
         <run_address>0x5b26</run_address>
         <size>0xc</size>
         <input_file_ref idref="fl-5"/>
      </object_component>
      <object_component id="oc-23a">
         <name>.text:UARTCharGet</name>
         <load_address>0x5b32</load_address>
         <run_address>0x5b32</run_address>
         <size>0xa</size>
         <input_file_ref idref="fl-e0"/>
      </object_component>
      <object_component id="oc-234">
         <name>.text:UARTCharPut</name>
         <load_address>0x5b3c</load_address>
         <run_address>0x5b3c</run_address>
         <size>0xa</size>
         <input_file_ref idref="fl-e0"/>
      </object_component>
      <object_component id="oc-31e">
         <name>.text:TimerIntEnable</name>
         <load_address>0x5b46</load_address>
         <run_address>0x5b46</run_address>
         <size>0x8</size>
         <input_file_ref idref="fl-df"/>
      </object_component>
      <object_component id="oc-360">
         <name>.text:GPIOPinRead</name>
         <load_address>0x5b4e</load_address>
         <run_address>0x5b4e</run_address>
         <size>0x6</size>
         <input_file_ref idref="fl-dc"/>
      </object_component>
      <object_component id="oc-258">
         <name>.text:SysCtlDelay</name>
         <load_address>0x5b54</load_address>
         <run_address>0x5b54</run_address>
         <size>0x6</size>
         <input_file_ref idref="fl-de"/>
      </object_component>
      <object_component id="oc-312">
         <name>.text:TimerLoadSet64</name>
         <load_address>0x5b5a</load_address>
         <run_address>0x5b5a</run_address>
         <size>0x6</size>
         <input_file_ref idref="fl-df"/>
      </object_component>
      <object_component id="oc-11b">
         <name>.text:UARTClockSourceSet</name>
         <load_address>0x5b60</load_address>
         <run_address>0x5b60</run_address>
         <size>0x6</size>
         <input_file_ref idref="fl-e0"/>
      </object_component>
      <object_component id="oc-306">
         <name>.text:TimerIntClear</name>
         <load_address>0x5b66</load_address>
         <run_address>0x5b66</run_address>
         <size>0x4</size>
         <input_file_ref idref="fl-df"/>
      </object_component>
      <object_component id="oc-c2">
         <name>.text:_system_pre_init</name>
         <load_address>0x5b6a</load_address>
         <run_address>0x5b6a</run_address>
         <size>0x4</size>
         <input_file_ref idref="fl-d7"/>
      </object_component>
      <object_component id="oc-174">
         <name>.text:abort:abort</name>
         <load_address>0x5b6e</load_address>
         <run_address>0x5b6e</run_address>
         <size>0x4</size>
         <input_file_ref idref="fl-d9"/>
      </object_component>
      <object_component id="oc-209">
         <name>.const:g_pui32GPIOBaseAddrs</name>
         <load_address>0x5b74</load_address>
         <run_address>0x5b74</run_address>
         <size>0x90</size>
         <input_file_ref idref="fl-dc"/>
      </object_component>
      <object_component id="oc-3ab">
         <name>.const:g_pui32Xtals</name>
         <load_address>0x5c04</load_address>
         <run_address>0x5c04</run_address>
         <size>0x6c</size>
         <input_file_ref idref="fl-de"/>
      </object_component>
      <object_component id="oc-3a0">
         <name>.const:g_pui32EnRegs</name>
         <load_address>0x5c70</load_address>
         <run_address>0x5c70</run_address>
         <size>0x14</size>
         <input_file_ref idref="fl-dd"/>
      </object_component>
      <object_component id="oc-2fa">
         <name>.const:.string</name>
         <load_address>0x5c84</load_address>
         <run_address>0x5c84</run_address>
         <size>0x12</size>
         <input_file_ref idref="fl-6"/>
      </object_component>
      <object_component id="oc-246">
         <name>.const:g_ui32UARTBase</name>
         <load_address>0x5c98</load_address>
         <run_address>0x5c98</run_address>
         <size>0xc</size>
         <input_file_ref idref="fl-6"/>
      </object_component>
      <object_component id="oc-240">
         <name>.const:g_ui32UARTPeriph</name>
         <load_address>0x5ca4</load_address>
         <run_address>0x5ca4</run_address>
         <size>0xc</size>
         <input_file_ref idref="fl-6"/>
      </object_component>
      <object_component id="oc-7c">
         <name>.const</name>
         <load_address>0x5cb0</load_address>
         <run_address>0x5cb0</run_address>
         <size>0x8</size>
         <input_file_ref idref="fl-e"/>
      </object_component>
      <object_component id="oc-fc">
         <name>.const</name>
         <load_address>0x5cb8</load_address>
         <run_address>0x5cb8</run_address>
         <size>0x4</size>
         <input_file_ref idref="fl-c"/>
      </object_component>
      <object_component id="oc-24e">
         <name>.const</name>
         <load_address>0x5cbc</load_address>
         <run_address>0x5cbc</run_address>
         <size>0x4</size>
         <input_file_ref idref="fl-6"/>
      </object_component>
      <object_component id="oc-3fe">
         <name>.cinit..data.load</name>
         <load_address>0x5cc0</load_address>
         <run_address>0x5cc0</run_address>
         <size>0x1b</size>
      </object_component>
      <object_component id="oc-3fc">
         <name>__TI_handler_table</name>
         <load_address>0x5cdc</load_address>
         <run_address>0x5cdc</run_address>
         <size>0xc</size>
      </object_component>
      <object_component id="oc-3ff">
         <name>.cinit..bss.load</name>
         <load_address>0x5ce8</load_address>
         <run_address>0x5ce8</run_address>
         <size>0x8</size>
      </object_component>
      <object_component id="oc-3fd">
         <name>__TI_cinit_table</name>
         <load_address>0x5cf0</load_address>
         <run_address>0x5cf0</run_address>
         <size>0x10</size>
      </object_component>
      <object_component id="oc-26a">
         <name>.data:g_pui32Colors</name>
         <load_address>0x200078f8</load_address>
         <run_address>0x200078f8</run_address>
         <size>0xc</size>
         <input_file_ref idref="fl-2"/>
      </object_component>
      <object_component id="oc-243">
         <name>.data</name>
         <load_address>0x2000791c</load_address>
         <run_address>0x2000791c</run_address>
         <size>0x5</size>
         <input_file_ref idref="fl-6"/>
      </object_component>
      <object_component id="oc-79">
         <name>.data</name>
         <load_address>0x200078b0</load_address>
         <run_address>0x200078b0</run_address>
         <size>0x34</size>
         <input_file_ref idref="fl-c"/>
      </object_component>
      <object_component id="oc-1e0">
         <name>.data</name>
         <load_address>0x20007910</load_address>
         <run_address>0x20007910</run_address>
         <size>0xc</size>
         <input_file_ref idref="fl-d"/>
      </object_component>
      <object_component id="oc-8c">
         <name>.data</name>
         <load_address>0x20007904</load_address>
         <run_address>0x20007904</run_address>
         <size>0xc</size>
         <input_file_ref idref="fl-e"/>
      </object_component>
      <object_component id="oc-1cd">
         <name>.data</name>
         <load_address>0x200078e4</load_address>
         <run_address>0x200078e4</run_address>
         <size>0x14</size>
         <input_file_ref idref="fl-10"/>
      </object_component>
      <object_component id="oc-366">
         <name>.data</name>
         <load_address>0x20007921</load_address>
         <run_address>0x20007921</run_address>
         <size>0x3</size>
         <input_file_ref idref="fl-11"/>
      </object_component>
      <object_component id="oc-357">
         <name>.data</name>
         <load_address>0x20007924</load_address>
         <run_address>0x20007924</run_address>
         <size>0x4</size>
         <input_file_ref idref="fl-12"/>
      </object_component>
      <object_component id="oc-26d">
         <name>.bss</name>
         <uninitialized>true</uninitialized>
         <run_address>0x200076a8</run_address>
         <size>0x1</size>
         <input_file_ref idref="fl-2"/>
      </object_component>
      <object_component id="oc-ea">
         <name>.bss:pxReadyTasksLists</name>
         <uninitialized>true</uninitialized>
         <run_address>0x20007530</run_address>
         <size>0x64</size>
         <input_file_ref idref="fl-c"/>
      </object_component>
      <object_component id="oc-102">
         <name>.bss:xDelayedTaskList1</name>
         <uninitialized>true</uninitialized>
         <run_address>0x2000760c</run_address>
         <size>0x14</size>
         <input_file_ref idref="fl-c"/>
      </object_component>
      <object_component id="oc-105">
         <name>.bss:xDelayedTaskList2</name>
         <uninitialized>true</uninitialized>
         <run_address>0x20007620</run_address>
         <size>0x14</size>
         <input_file_ref idref="fl-c"/>
      </object_component>
      <object_component id="oc-ff">
         <name>.bss</name>
         <uninitialized>true</uninitialized>
         <run_address>0x2000767c</run_address>
         <size>0x8</size>
         <input_file_ref idref="fl-c"/>
      </object_component>
      <object_component id="oc-f9">
         <name>.bss:xPendingReadyList</name>
         <uninitialized>true</uninitialized>
         <run_address>0x20007634</run_address>
         <size>0x14</size>
         <input_file_ref idref="fl-c"/>
      </object_component>
      <object_component id="oc-ed">
         <name>.bss:xTasksWaitingTermination</name>
         <uninitialized>true</uninitialized>
         <run_address>0x2000765c</run_address>
         <size>0x14</size>
         <input_file_ref idref="fl-c"/>
      </object_component>
      <object_component id="oc-f0">
         <name>.bss:xSuspendedTaskList</name>
         <uninitialized>true</uninitialized>
         <run_address>0x20007648</run_address>
         <size>0x14</size>
         <input_file_ref idref="fl-c"/>
      </object_component>
      <object_component id="oc-1e6">
         <name>.bss:xActiveTimerList1</name>
         <uninitialized>true</uninitialized>
         <run_address>0x200075e4</run_address>
         <size>0x14</size>
         <input_file_ref idref="fl-d"/>
      </object_component>
      <object_component id="oc-1e9">
         <name>.bss:xActiveTimerList2</name>
         <uninitialized>true</uninitialized>
         <run_address>0x200075f8</run_address>
         <size>0x14</size>
         <input_file_ref idref="fl-d"/>
      </object_component>
      <object_component id="oc-1e3">
         <name>.bss</name>
         <uninitialized>true</uninitialized>
         <run_address>0x20007684</run_address>
         <size>0x8</size>
         <input_file_ref idref="fl-d"/>
      </object_component>
      <object_component id="oc-1d3">
         <name>.bss:ucHeap</name>
         <uninitialized>true</uninitialized>
         <run_address>0x20000000</run_address>
         <size>0x7530</size>
         <input_file_ref idref="fl-10"/>
      </object_component>
      <object_component id="oc-1d0">
         <name>.bss:xStart</name>
         <uninitialized>true</uninitialized>
         <run_address>0x2000768c</run_address>
         <size>0x8</size>
         <input_file_ref idref="fl-10"/>
      </object_component>
      <object_component id="oc-354">
         <name>.bss:g_ui32Colors</name>
         <uninitialized>true</uninitialized>
         <run_address>0x20007670</run_address>
         <size>0xc</size>
         <input_file_ref idref="fl-12"/>
      </object_component>
      <object_component id="oc-353">
         <name>.bss</name>
         <uninitialized>true</uninitialized>
         <run_address>0x20007694</run_address>
         <size>0x4</size>
         <input_file_ref idref="fl-12"/>
      </object_component>
      <object_component id="oc-269">
         <name>.common:g_pLEDQueue</name>
         <uninitialized>true</uninitialized>
         <run_address>0x200076a0</run_address>
         <size>0x4</size>
      </object_component>
      <object_component id="oc-13f">
         <name>.common:g_pUARTSemaphore</name>
         <uninitialized>true</uninitialized>
         <run_address>0x200076a4</run_address>
         <size>0x4</size>
      </object_component>
      <object_component id="oc-142">
         <name>.common:Q_tailDuty</name>
         <uninitialized>true</uninitialized>
         <run_address>0x2000769c</run_address>
         <size>0x4</size>
      </object_component>
      <object_component id="oc-143">
         <name>.common:Q_mainDuty</name>
         <uninitialized>true</uninitialized>
         <run_address>0x20007698</run_address>
         <size>0x4</size>
      </object_component>
      <object_component id="oc-25a">
         <name>.common:xQueueRegistry</name>
         <uninitialized>true</uninitialized>
         <run_address>0x20007594</run_address>
         <size>0x50</size>
      </object_component>
      <object_component id="oc-24">
         <name>.stack</name>
         <uninitialized>true</uninitialized>
         <run_address>0x200076b0</run_address>
         <size>0x4</size>
         <input_file_ref idref="fl-d4"/>
      </object_component>
      <object_component id="oc-401">
         <name>.stack</name>
         <uninitialized>true</uninitialized>
         <run_address>0x200076b0</run_address>
         <size>0x0</size>
      </object_component>
      <object_component id="oc-15d">
         <name>.debug_info</name>
         <load_address>0x0</load_address>
         <run_address>0x0</run_address>
         <size>0x6c2</size>
         <input_file_ref idref="fl-2"/>
      </object_component>
      <object_component id="oc-26b">
         <name>.debug_info</name>
         <load_address>0x6c2</load_address>
         <run_address>0x6c2</run_address>
         <size>0xe3</size>
         <input_file_ref idref="fl-2"/>
      </object_component>
      <object_component id="oc-26e">
         <name>.debug_info</name>
         <load_address>0x7a5</load_address>
         <run_address>0x7a5</run_address>
         <size>0xe7</size>
         <input_file_ref idref="fl-2"/>
      </object_component>
      <object_component id="oc-135">
         <name>.debug_info</name>
         <load_address>0x88c</load_address>
         <run_address>0x88c</run_address>
         <size>0x39c</size>
         <input_file_ref idref="fl-2"/>
      </object_component>
      <object_component id="oc-14e">
         <name>.debug_info</name>
         <load_address>0xc28</load_address>
         <run_address>0xc28</run_address>
         <size>0x315</size>
         <input_file_ref idref="fl-2"/>
      </object_component>
      <object_component id="oc-a2">
         <name>.debug_info</name>
         <load_address>0xf3d</load_address>
         <run_address>0xf3d</run_address>
         <size>0x26b</size>
         <input_file_ref idref="fl-2"/>
      </object_component>
      <object_component id="oc-158">
         <name>.debug_info</name>
         <load_address>0x11a8</load_address>
         <run_address>0x11a8</run_address>
         <size>0x3f8</size>
         <input_file_ref idref="fl-2"/>
      </object_component>
      <object_component id="oc-27b">
         <name>.debug_info</name>
         <load_address>0x15a0</load_address>
         <run_address>0x15a0</run_address>
         <size>0x4f</size>
         <input_file_ref idref="fl-2"/>
      </object_component>
      <object_component id="oc-280">
         <name>.debug_info</name>
         <load_address>0x15ef</load_address>
         <run_address>0x15ef</run_address>
         <size>0x2c</size>
         <input_file_ref idref="fl-2"/>
      </object_component>
      <object_component id="oc-41">
         <name>.debug_info</name>
         <load_address>0x161b</load_address>
         <run_address>0x161b</run_address>
         <size>0x84</size>
         <input_file_ref idref="fl-2"/>
      </object_component>
      <object_component id="oc-91">
         <name>.debug_info</name>
         <load_address>0x169f</load_address>
         <run_address>0x169f</run_address>
         <size>0x2c</size>
         <input_file_ref idref="fl-2"/>
      </object_component>
      <object_component id="oc-15f">
         <name>.debug_info</name>
         <load_address>0x16cb</load_address>
         <run_address>0x16cb</run_address>
         <size>0x2a4</size>
         <input_file_ref idref="fl-2"/>
      </object_component>
      <object_component id="oc-9b">
         <name>.debug_info</name>
         <load_address>0x196f</load_address>
         <run_address>0x196f</run_address>
         <size>0xbb</size>
         <input_file_ref idref="fl-2"/>
      </object_component>
      <object_component id="oc-149">
         <name>.debug_info</name>
         <load_address>0x1a2a</load_address>
         <run_address>0x1a2a</run_address>
         <size>0x53</size>
         <input_file_ref idref="fl-2"/>
      </object_component>
      <object_component id="oc-96">
         <name>.debug_info</name>
         <load_address>0x1a7d</load_address>
         <run_address>0x1a7d</run_address>
         <size>0x53</size>
         <input_file_ref idref="fl-2"/>
      </object_component>
      <object_component id="oc-253">
         <name>.debug_info</name>
         <load_address>0x1ad0</load_address>
         <run_address>0x1ad0</run_address>
         <size>0x2c</size>
         <input_file_ref idref="fl-2"/>
      </object_component>
      <object_component id="oc-153">
         <name>.debug_info</name>
         <load_address>0x1afc</load_address>
         <run_address>0x1afc</run_address>
         <size>0x14c</size>
         <input_file_ref idref="fl-2"/>
      </object_component>
      <object_component id="oc-140">
         <name>.debug_info</name>
         <load_address>0x1c48</load_address>
         <run_address>0x1c48</run_address>
         <size>0x682</size>
         <input_file_ref idref="fl-3"/>
      </object_component>
      <object_component id="oc-89">
         <name>.debug_info</name>
         <load_address>0x22ca</load_address>
         <run_address>0x22ca</run_address>
         <size>0x421</size>
         <input_file_ref idref="fl-3"/>
      </object_component>
      <object_component id="oc-278">
         <name>.debug_info</name>
         <load_address>0x26eb</load_address>
         <run_address>0x26eb</run_address>
         <size>0x5ca</size>
         <input_file_ref idref="fl-4"/>
      </object_component>
      <object_component id="oc-13d">
         <name>.debug_info</name>
         <load_address>0x2cb5</load_address>
         <run_address>0x2cb5</run_address>
         <size>0x38b</size>
         <input_file_ref idref="fl-4"/>
      </object_component>
      <object_component id="oc-3a">
         <name>.debug_info</name>
         <load_address>0x3040</load_address>
         <run_address>0x3040</run_address>
         <size>0x333</size>
         <input_file_ref idref="fl-5"/>
      </object_component>
      <object_component id="oc-13">
         <name>.debug_info</name>
         <load_address>0x3373</load_address>
         <run_address>0x3373</run_address>
         <size>0xf2</size>
         <input_file_ref idref="fl-5"/>
      </object_component>
      <object_component id="oc-2a">
         <name>.debug_info</name>
         <load_address>0x3465</load_address>
         <run_address>0x3465</run_address>
         <size>0x26e</size>
         <input_file_ref idref="fl-5"/>
      </object_component>
      <object_component id="oc-252">
         <name>.debug_info</name>
         <load_address>0x36d3</load_address>
         <run_address>0x36d3</run_address>
         <size>0x416</size>
         <input_file_ref idref="fl-6"/>
      </object_component>
      <object_component id="oc-244">
         <name>.debug_info</name>
         <load_address>0x3ae9</load_address>
         <run_address>0x3ae9</run_address>
         <size>0x10d</size>
         <input_file_ref idref="fl-6"/>
      </object_component>
      <object_component id="oc-24f">
         <name>.debug_info</name>
         <load_address>0x3bf6</load_address>
         <run_address>0x3bf6</run_address>
         <size>0x107</size>
         <input_file_ref idref="fl-6"/>
      </object_component>
      <object_component id="oc-247">
         <name>.debug_info</name>
         <load_address>0x3cfd</load_address>
         <run_address>0x3cfd</run_address>
         <size>0x115</size>
         <input_file_ref idref="fl-6"/>
      </object_component>
      <object_component id="oc-241">
         <name>.debug_info</name>
         <load_address>0x3e12</load_address>
         <run_address>0x3e12</run_address>
         <size>0x119</size>
         <input_file_ref idref="fl-6"/>
      </object_component>
      <object_component id="oc-122">
         <name>.debug_info</name>
         <load_address>0x3f2b</load_address>
         <run_address>0x3f2b</run_address>
         <size>0x9ea</size>
         <input_file_ref idref="fl-6"/>
      </object_component>
      <object_component id="oc-21b">
         <name>.debug_info</name>
         <load_address>0x4915</load_address>
         <run_address>0x4915</run_address>
         <size>0x8b</size>
         <input_file_ref idref="fl-6"/>
      </object_component>
      <object_component id="oc-2a7">
         <name>.debug_info</name>
         <load_address>0x49a0</load_address>
         <run_address>0x49a0</run_address>
         <size>0x6c5</size>
         <input_file_ref idref="fl-8"/>
      </object_component>
      <object_component id="oc-1b9">
         <name>.debug_info</name>
         <load_address>0x5065</load_address>
         <run_address>0x5065</run_address>
         <size>0x110</size>
         <input_file_ref idref="fl-8"/>
      </object_component>
      <object_component id="oc-1c8">
         <name>.debug_info</name>
         <load_address>0x5175</load_address>
         <run_address>0x5175</run_address>
         <size>0x3f8</size>
         <input_file_ref idref="fl-8"/>
      </object_component>
      <object_component id="oc-390">
         <name>.debug_info</name>
         <load_address>0x556d</load_address>
         <run_address>0x556d</run_address>
         <size>0x62</size>
         <input_file_ref idref="fl-8"/>
      </object_component>
      <object_component id="oc-395">
         <name>.debug_info</name>
         <load_address>0x55cf</load_address>
         <run_address>0x55cf</run_address>
         <size>0x39</size>
         <input_file_ref idref="fl-8"/>
      </object_component>
      <object_component id="oc-2b5">
         <name>.debug_info</name>
         <load_address>0x5608</load_address>
         <run_address>0x5608</run_address>
         <size>0x109</size>
         <input_file_ref idref="fl-8"/>
      </object_component>
      <object_component id="oc-1b4">
         <name>.debug_info</name>
         <load_address>0x5711</load_address>
         <run_address>0x5711</run_address>
         <size>0x4f</size>
         <input_file_ref idref="fl-8"/>
      </object_component>
      <object_component id="oc-1d9">
         <name>.debug_info</name>
         <load_address>0x5760</load_address>
         <run_address>0x5760</run_address>
         <size>0x392</size>
         <input_file_ref idref="fl-9"/>
      </object_component>
      <object_component id="oc-e5">
         <name>.debug_info</name>
         <load_address>0x5af2</load_address>
         <run_address>0x5af2</run_address>
         <size>0x4ae</size>
         <input_file_ref idref="fl-9"/>
      </object_component>
      <object_component id="oc-25b">
         <name>.debug_info</name>
         <load_address>0x5fa0</load_address>
         <run_address>0x5fa0</run_address>
         <size>0x96a</size>
         <input_file_ref idref="fl-a"/>
      </object_component>
      <object_component id="oc-12e">
         <name>.debug_info</name>
         <load_address>0x690a</load_address>
         <run_address>0x690a</run_address>
         <size>0x3778</size>
         <input_file_ref idref="fl-a"/>
      </object_component>
      <object_component id="oc-301">
         <name>.debug_info</name>
         <load_address>0xa082</load_address>
         <run_address>0xa082</run_address>
         <size>0x217</size>
         <input_file_ref idref="fl-a"/>
      </object_component>
      <object_component id="oc-25e">
         <name>.debug_info</name>
         <load_address>0xa299</load_address>
         <run_address>0xa299</run_address>
         <size>0x46</size>
         <input_file_ref idref="fl-a"/>
      </object_component>
      <object_component id="oc-1be">
         <name>.debug_info</name>
         <load_address>0xa2df</load_address>
         <run_address>0xa2df</run_address>
         <size>0x35</size>
         <input_file_ref idref="fl-a"/>
      </object_component>
      <object_component id="oc-16b">
         <name>.debug_info</name>
         <load_address>0xa314</load_address>
         <run_address>0xa314</run_address>
         <size>0x2c</size>
         <input_file_ref idref="fl-b"/>
      </object_component>
      <object_component id="oc-d6">
         <name>.debug_info</name>
         <load_address>0xa340</load_address>
         <run_address>0xa340</run_address>
         <size>0x820</size>
         <input_file_ref idref="fl-c"/>
      </object_component>
      <object_component id="oc-7a">
         <name>.debug_info</name>
         <load_address>0xab60</load_address>
         <run_address>0xab60</run_address>
         <size>0x349</size>
         <input_file_ref idref="fl-c"/>
      </object_component>
      <object_component id="oc-eb">
         <name>.debug_info</name>
         <load_address>0xaea9</load_address>
         <run_address>0xaea9</run_address>
         <size>0xf2</size>
         <input_file_ref idref="fl-c"/>
      </object_component>
      <object_component id="oc-103">
         <name>.debug_info</name>
         <load_address>0xaf9b</load_address>
         <run_address>0xaf9b</run_address>
         <size>0xf2</size>
         <input_file_ref idref="fl-c"/>
      </object_component>
      <object_component id="oc-106">
         <name>.debug_info</name>
         <load_address>0xb08d</load_address>
         <run_address>0xb08d</run_address>
         <size>0xf2</size>
         <input_file_ref idref="fl-c"/>
      </object_component>
      <object_component id="oc-100">
         <name>.debug_info</name>
         <load_address>0xb17f</load_address>
         <run_address>0xb17f</run_address>
         <size>0x135</size>
         <input_file_ref idref="fl-c"/>
      </object_component>
      <object_component id="oc-fa">
         <name>.debug_info</name>
         <load_address>0xb2b4</load_address>
         <run_address>0xb2b4</run_address>
         <size>0xf2</size>
         <input_file_ref idref="fl-c"/>
      </object_component>
      <object_component id="oc-ee">
         <name>.debug_info</name>
         <load_address>0xb3a6</load_address>
         <run_address>0xb3a6</run_address>
         <size>0x100</size>
         <input_file_ref idref="fl-c"/>
      </object_component>
      <object_component id="oc-f1">
         <name>.debug_info</name>
         <load_address>0xb4a6</load_address>
         <run_address>0xb4a6</run_address>
         <size>0xf4</size>
         <input_file_ref idref="fl-c"/>
      </object_component>
      <object_component id="oc-fd">
         <name>.debug_info</name>
         <load_address>0xb59a</load_address>
         <run_address>0xb59a</run_address>
         <size>0xf3</size>
         <input_file_ref idref="fl-c"/>
      </object_component>
      <object_component id="oc-83">
         <name>.debug_info</name>
         <load_address>0xb68d</load_address>
         <run_address>0xb68d</run_address>
         <size>0x4ee6</size>
         <input_file_ref idref="fl-c"/>
      </object_component>
      <object_component id="oc-d7">
         <name>.debug_info</name>
         <load_address>0x10573</load_address>
         <run_address>0x10573</run_address>
         <size>0x30c</size>
         <input_file_ref idref="fl-c"/>
      </object_component>
      <object_component id="oc-1c3">
         <name>.debug_info</name>
         <load_address>0x1087f</load_address>
         <run_address>0x1087f</run_address>
         <size>0x130</size>
         <input_file_ref idref="fl-c"/>
      </object_component>
      <object_component id="oc-1f2">
         <name>.debug_info</name>
         <load_address>0x109af</load_address>
         <run_address>0x109af</run_address>
         <size>0x8a2</size>
         <input_file_ref idref="fl-d"/>
      </object_component>
      <object_component id="oc-1e7">
         <name>.debug_info</name>
         <load_address>0x11251</load_address>
         <run_address>0x11251</run_address>
         <size>0xf2</size>
         <input_file_ref idref="fl-d"/>
      </object_component>
      <object_component id="oc-1ea">
         <name>.debug_info</name>
         <load_address>0x11343</load_address>
         <run_address>0x11343</run_address>
         <size>0xf2</size>
         <input_file_ref idref="fl-d"/>
      </object_component>
      <object_component id="oc-1e4">
         <name>.debug_info</name>
         <load_address>0x11435</load_address>
         <run_address>0x11435</run_address>
         <size>0x12a</size>
         <input_file_ref idref="fl-d"/>
      </object_component>
      <object_component id="oc-1e1">
         <name>.debug_info</name>
         <load_address>0x1155f</load_address>
         <run_address>0x1155f</run_address>
         <size>0x116</size>
         <input_file_ref idref="fl-d"/>
      </object_component>
      <object_component id="oc-f4">
         <name>.debug_info</name>
         <load_address>0x11675</load_address>
         <run_address>0x11675</run_address>
         <size>0x1f0b</size>
         <input_file_ref idref="fl-d"/>
      </object_component>
      <object_component id="oc-1f3">
         <name>.debug_info</name>
         <load_address>0x13580</load_address>
         <run_address>0x13580</run_address>
         <size>0x1ba</size>
         <input_file_ref idref="fl-d"/>
      </object_component>
      <object_component id="oc-1ed">
         <name>.debug_info</name>
         <load_address>0x1373a</load_address>
         <run_address>0x1373a</run_address>
         <size>0x46</size>
         <input_file_ref idref="fl-d"/>
      </object_component>
      <object_component id="oc-90">
         <name>.debug_info</name>
         <load_address>0x13780</load_address>
         <run_address>0x13780</run_address>
         <size>0x4aa</size>
         <input_file_ref idref="fl-e"/>
      </object_component>
      <object_component id="oc-7d">
         <name>.debug_info</name>
         <load_address>0x13c2a</load_address>
         <run_address>0x13c2a</run_address>
         <size>0x167</size>
         <input_file_ref idref="fl-e"/>
      </object_component>
      <object_component id="oc-8d">
         <name>.debug_info</name>
         <load_address>0x13d91</load_address>
         <run_address>0x13d91</run_address>
         <size>0x172</size>
         <input_file_ref idref="fl-e"/>
      </object_component>
      <object_component id="oc-34">
         <name>.debug_info</name>
         <load_address>0x13f03</load_address>
         <run_address>0x13f03</run_address>
         <size>0x911</size>
         <input_file_ref idref="fl-e"/>
      </object_component>
      <object_component id="oc-30">
         <name>.debug_info</name>
         <load_address>0x14814</load_address>
         <run_address>0x14814</run_address>
         <size>0x254</size>
         <input_file_ref idref="fl-f"/>
      </object_component>
      <object_component id="oc-1d7">
         <name>.debug_info</name>
         <load_address>0x14a68</load_address>
         <run_address>0x14a68</run_address>
         <size>0x4f6</size>
         <input_file_ref idref="fl-10"/>
      </object_component>
      <object_component id="oc-1d4">
         <name>.debug_info</name>
         <load_address>0x14f5e</load_address>
         <run_address>0x14f5e</run_address>
         <size>0xed</size>
         <input_file_ref idref="fl-10"/>
      </object_component>
      <object_component id="oc-1d1">
         <name>.debug_info</name>
         <load_address>0x1504b</load_address>
         <run_address>0x1504b</run_address>
         <size>0xed</size>
         <input_file_ref idref="fl-10"/>
      </object_component>
      <object_component id="oc-1ce">
         <name>.debug_info</name>
         <load_address>0x15138</load_address>
         <run_address>0x15138</run_address>
         <size>0x1f9</size>
         <input_file_ref idref="fl-10"/>
      </object_component>
      <object_component id="oc-df">
         <name>.debug_info</name>
         <load_address>0x15331</load_address>
         <run_address>0x15331</run_address>
         <size>0xab9</size>
         <input_file_ref idref="fl-10"/>
      </object_component>
      <object_component id="oc-2ac">
         <name>.debug_info</name>
         <load_address>0x15dea</load_address>
         <run_address>0x15dea</run_address>
         <size>0x62</size>
         <input_file_ref idref="fl-10"/>
      </object_component>
      <object_component id="oc-36a">
         <name>.debug_info</name>
         <load_address>0x15e4c</load_address>
         <run_address>0x15e4c</run_address>
         <size>0x35b</size>
         <input_file_ref idref="fl-11"/>
      </object_component>
      <object_component id="oc-367">
         <name>.debug_info</name>
         <load_address>0x161a7</load_address>
         <run_address>0x161a7</run_address>
         <size>0xf2</size>
         <input_file_ref idref="fl-11"/>
      </object_component>
      <object_component id="oc-272">
         <name>.debug_info</name>
         <load_address>0x16299</load_address>
         <run_address>0x16299</run_address>
         <size>0x301</size>
         <input_file_ref idref="fl-11"/>
      </object_component>
      <object_component id="oc-35b">
         <name>.debug_info</name>
         <load_address>0x1659a</load_address>
         <run_address>0x1659a</run_address>
         <size>0x591</size>
         <input_file_ref idref="fl-12"/>
      </object_component>
      <object_component id="oc-355">
         <name>.debug_info</name>
         <load_address>0x16b2b</load_address>
         <run_address>0x16b2b</run_address>
         <size>0xe4</size>
         <input_file_ref idref="fl-12"/>
      </object_component>
      <object_component id="oc-358">
         <name>.debug_info</name>
         <load_address>0x16c0f</load_address>
         <run_address>0x16c0f</run_address>
         <size>0xe4</size>
         <input_file_ref idref="fl-12"/>
      </object_component>
      <object_component id="oc-267">
         <name>.debug_info</name>
         <load_address>0x16cf3</load_address>
         <run_address>0x16cf3</run_address>
         <size>0x9f8</size>
         <input_file_ref idref="fl-12"/>
      </object_component>
      <object_component id="oc-34a">
         <name>.debug_info</name>
         <load_address>0x176eb</load_address>
         <run_address>0x176eb</run_address>
         <size>0x13b</size>
         <input_file_ref idref="fl-cd"/>
      </object_component>
      <object_component id="oc-49">
         <name>.debug_info</name>
         <load_address>0x17826</load_address>
         <run_address>0x17826</run_address>
         <size>0x119</size>
         <input_file_ref idref="fl-ce"/>
      </object_component>
      <object_component id="oc-bf">
         <name>.debug_info</name>
         <load_address>0x1793f</load_address>
         <run_address>0x1793f</run_address>
         <size>0x147</size>
         <input_file_ref idref="fl-cf"/>
      </object_component>
      <object_component id="oc-24c">
         <name>.debug_info</name>
         <load_address>0x17a86</load_address>
         <run_address>0x17a86</run_address>
         <size>0x142</size>
         <input_file_ref idref="fl-d0"/>
      </object_component>
      <object_component id="oc-bb">
         <name>.debug_info</name>
         <load_address>0x17bc8</load_address>
         <run_address>0x17bc8</run_address>
         <size>0x2d4</size>
         <input_file_ref idref="fl-d1"/>
      </object_component>
      <object_component id="oc-5a">
         <name>.debug_info</name>
         <load_address>0x17e9c</load_address>
         <run_address>0x17e9c</run_address>
         <size>0x1b5</size>
         <input_file_ref idref="fl-d1"/>
      </object_component>
      <object_component id="oc-b6">
         <name>.debug_info</name>
         <load_address>0x18051</load_address>
         <run_address>0x18051</run_address>
         <size>0x46</size>
         <input_file_ref idref="fl-d1"/>
      </object_component>
      <object_component id="oc-51">
         <name>.debug_info</name>
         <load_address>0x18097</load_address>
         <run_address>0x18097</run_address>
         <size>0x2a8</size>
         <input_file_ref idref="fl-d2"/>
      </object_component>
      <object_component id="oc-1c">
         <name>.debug_info</name>
         <load_address>0x1833f</load_address>
         <run_address>0x1833f</run_address>
         <size>0x1ea</size>
         <input_file_ref idref="fl-d2"/>
      </object_component>
      <object_component id="oc-4c">
         <name>.debug_info</name>
         <load_address>0x18529</load_address>
         <run_address>0x18529</run_address>
         <size>0x46</size>
         <input_file_ref idref="fl-d2"/>
      </object_component>
      <object_component id="oc-ae">
         <name>.debug_info</name>
         <load_address>0x1856f</load_address>
         <run_address>0x1856f</run_address>
         <size>0x2c</size>
         <input_file_ref idref="fl-d2"/>
      </object_component>
      <object_component id="oc-ac">
         <name>.debug_info</name>
         <load_address>0x1859b</load_address>
         <run_address>0x1859b</run_address>
         <size>0x29e</size>
         <input_file_ref idref="fl-d3"/>
      </object_component>
      <object_component id="oc-19">
         <name>.debug_info</name>
         <load_address>0x18839</load_address>
         <run_address>0x18839</run_address>
         <size>0x250</size>
         <input_file_ref idref="fl-d3"/>
      </object_component>
      <object_component id="oc-3c">
         <name>.debug_info</name>
         <load_address>0x18a89</load_address>
         <run_address>0x18a89</run_address>
         <size>0x60</size>
         <input_file_ref idref="fl-d3"/>
      </object_component>
      <object_component id="oc-164">
         <name>.debug_info</name>
         <load_address>0x18ae9</load_address>
         <run_address>0x18ae9</run_address>
         <size>0x46</size>
         <input_file_ref idref="fl-d3"/>
      </object_component>
      <object_component id="oc-a7">
         <name>.debug_info</name>
         <load_address>0x18b2f</load_address>
         <run_address>0x18b2f</run_address>
         <size>0x39</size>
         <input_file_ref idref="fl-d3"/>
      </object_component>
      <object_component id="oc-25">
         <name>.debug_info</name>
         <load_address>0x18b68</load_address>
         <run_address>0x18b68</run_address>
         <size>0x10b</size>
         <input_file_ref idref="fl-d4"/>
      </object_component>
      <object_component id="oc-68">
         <name>.debug_info</name>
         <load_address>0x18c73</load_address>
         <run_address>0x18c73</run_address>
         <size>0x1a9</size>
         <input_file_ref idref="fl-d4"/>
      </object_component>
      <object_component id="oc-2f7">
         <name>.debug_info</name>
         <load_address>0x18e1c</load_address>
         <run_address>0x18e1c</run_address>
         <size>0x115</size>
         <input_file_ref idref="fl-d5"/>
      </object_component>
      <object_component id="oc-292">
         <name>.debug_info</name>
         <load_address>0x18f31</load_address>
         <run_address>0x18f31</run_address>
         <size>0x4b3</size>
         <input_file_ref idref="fl-d6"/>
      </object_component>
      <object_component id="oc-184">
         <name>.debug_info</name>
         <load_address>0x193e4</load_address>
         <run_address>0x193e4</run_address>
         <size>0x1a6</size>
         <input_file_ref idref="fl-d6"/>
      </object_component>
      <object_component id="oc-37d">
         <name>.debug_info</name>
         <load_address>0x1958a</load_address>
         <run_address>0x1958a</run_address>
         <size>0x39</size>
         <input_file_ref idref="fl-d6"/>
      </object_component>
      <object_component id="oc-3bf">
         <name>.debug_info</name>
         <load_address>0x195c3</load_address>
         <run_address>0x195c3</run_address>
         <size>0x39</size>
         <input_file_ref idref="fl-d6"/>
      </object_component>
      <object_component id="oc-382">
         <name>.debug_info</name>
         <load_address>0x195fc</load_address>
         <run_address>0x195fc</run_address>
         <size>0x39</size>
         <input_file_ref idref="fl-d6"/>
      </object_component>
      <object_component id="oc-387">
         <name>.debug_info</name>
         <load_address>0x19635</load_address>
         <run_address>0x19635</run_address>
         <size>0xcd</size>
         <input_file_ref idref="fl-d6"/>
      </object_component>
      <object_component id="oc-c5">
         <name>.debug_info</name>
         <load_address>0x19702</load_address>
         <run_address>0x19702</run_address>
         <size>0x153</size>
         <input_file_ref idref="fl-d7"/>
      </object_component>
      <object_component id="oc-175">
         <name>.debug_info</name>
         <load_address>0x19855</load_address>
         <run_address>0x19855</run_address>
         <size>0x122</size>
         <input_file_ref idref="fl-d9"/>
      </object_component>
      <object_component id="oc-20d">
         <name>.debug_info</name>
         <load_address>0x19977</load_address>
         <run_address>0x19977</run_address>
         <size>0x3e4</size>
         <input_file_ref idref="fl-dc"/>
      </object_component>
      <object_component id="oc-20a">
         <name>.debug_info</name>
         <load_address>0x19d5b</load_address>
         <run_address>0x19d5b</run_address>
         <size>0x164</size>
         <input_file_ref idref="fl-dc"/>
      </object_component>
      <object_component id="oc-210">
         <name>.debug_info</name>
         <load_address>0x19ebf</load_address>
         <run_address>0x19ebf</run_address>
         <size>0x2bc</size>
         <input_file_ref idref="fl-dc"/>
      </object_component>
      <object_component id="oc-216">
         <name>.debug_info</name>
         <load_address>0x1a17b</load_address>
         <run_address>0x1a17b</run_address>
         <size>0x31f</size>
         <input_file_ref idref="fl-dc"/>
      </object_component>
      <object_component id="oc-117">
         <name>.debug_info</name>
         <load_address>0x1a49a</load_address>
         <run_address>0x1a49a</run_address>
         <size>0x29b</size>
         <input_file_ref idref="fl-dc"/>
      </object_component>
      <object_component id="oc-32c">
         <name>.debug_info</name>
         <load_address>0x1a735</load_address>
         <run_address>0x1a735</run_address>
         <size>0x29d</size>
         <input_file_ref idref="fl-dc"/>
      </object_component>
      <object_component id="oc-332">
         <name>.debug_info</name>
         <load_address>0x1a9d2</load_address>
         <run_address>0x1a9d2</run_address>
         <size>0x2a5</size>
         <input_file_ref idref="fl-dc"/>
      </object_component>
      <object_component id="oc-362">
         <name>.debug_info</name>
         <load_address>0x1ac77</load_address>
         <run_address>0x1ac77</run_address>
         <size>0x284</size>
         <input_file_ref idref="fl-dc"/>
      </object_component>
      <object_component id="oc-111">
         <name>.debug_info</name>
         <load_address>0x1aefb</load_address>
         <run_address>0x1aefb</run_address>
         <size>0x289</size>
         <input_file_ref idref="fl-dc"/>
      </object_component>
      <object_component id="oc-2d6">
         <name>.debug_info</name>
         <load_address>0x1b184</load_address>
         <run_address>0x1b184</run_address>
         <size>0x26b</size>
         <input_file_ref idref="fl-dc"/>
      </object_component>
      <object_component id="oc-2c6">
         <name>.debug_info</name>
         <load_address>0x1b3ef</load_address>
         <run_address>0x1b3ef</run_address>
         <size>0x297</size>
         <input_file_ref idref="fl-dc"/>
      </object_component>
      <object_component id="oc-2d1">
         <name>.debug_info</name>
         <load_address>0x1b686</load_address>
         <run_address>0x1b686</run_address>
         <size>0xef</size>
         <input_file_ref idref="fl-dc"/>
      </object_component>
      <object_component id="oc-203">
         <name>.debug_info</name>
         <load_address>0x1b775</load_address>
         <run_address>0x1b775</run_address>
         <size>0xbb</size>
         <input_file_ref idref="fl-dc"/>
      </object_component>
      <object_component id="oc-3a4">
         <name>.debug_info</name>
         <load_address>0x1b830</load_address>
         <run_address>0x1b830</run_address>
         <size>0x3b7</size>
         <input_file_ref idref="fl-dd"/>
      </object_component>
      <object_component id="oc-3a1">
         <name>.debug_info</name>
         <load_address>0x1bbe7</load_address>
         <run_address>0x1bbe7</run_address>
         <size>0x15b</size>
         <input_file_ref idref="fl-dd"/>
      </object_component>
      <object_component id="oc-31b">
         <name>.debug_info</name>
         <load_address>0x1bd42</load_address>
         <run_address>0x1bd42</run_address>
         <size>0x271</size>
         <input_file_ref idref="fl-dd"/>
      </object_component>
      <object_component id="oc-208">
         <name>.debug_info</name>
         <load_address>0x1bfb3</load_address>
         <run_address>0x1bfb3</run_address>
         <size>0x441</size>
         <input_file_ref idref="fl-de"/>
      </object_component>
      <object_component id="oc-3ac">
         <name>.debug_info</name>
         <load_address>0x1c3f4</load_address>
         <run_address>0x1c3f4</run_address>
         <size>0x156</size>
         <input_file_ref idref="fl-de"/>
      </object_component>
      <object_component id="oc-224">
         <name>.debug_info</name>
         <load_address>0x1c54a</load_address>
         <run_address>0x1c54a</run_address>
         <size>0x28c</size>
         <input_file_ref idref="fl-de"/>
      </object_component>
      <object_component id="oc-10b">
         <name>.debug_info</name>
         <load_address>0x1c7d6</load_address>
         <run_address>0x1c7d6</run_address>
         <size>0x286</size>
         <input_file_ref idref="fl-de"/>
      </object_component>
      <object_component id="oc-129">
         <name>.debug_info</name>
         <load_address>0x1ca5c</load_address>
         <run_address>0x1ca5c</run_address>
         <size>0x2e4</size>
         <input_file_ref idref="fl-de"/>
      </object_component>
      <object_component id="oc-344">
         <name>.debug_info</name>
         <load_address>0x1cd40</load_address>
         <run_address>0x1cd40</run_address>
         <size>0x2be</size>
         <input_file_ref idref="fl-de"/>
      </object_component>
      <object_component id="oc-2cd">
         <name>.debug_info</name>
         <load_address>0x1cffe</load_address>
         <run_address>0x1cffe</run_address>
         <size>0x51</size>
         <input_file_ref idref="fl-de"/>
      </object_component>
      <object_component id="oc-39d">
         <name>.debug_info</name>
         <load_address>0x1d04f</load_address>
         <run_address>0x1d04f</run_address>
         <size>0x3c7</size>
         <input_file_ref idref="fl-df"/>
      </object_component>
      <object_component id="oc-340">
         <name>.debug_info</name>
         <load_address>0x1d416</load_address>
         <run_address>0x1d416</run_address>
         <size>0x2c5</size>
         <input_file_ref idref="fl-df"/>
      </object_component>
      <object_component id="oc-316">
         <name>.debug_info</name>
         <load_address>0x1d6db</load_address>
         <run_address>0x1d6db</run_address>
         <size>0x276</size>
         <input_file_ref idref="fl-df"/>
      </object_component>
      <object_component id="oc-351">
         <name>.debug_info</name>
         <load_address>0x1d951</load_address>
         <run_address>0x1d951</run_address>
         <size>0x2c3</size>
         <input_file_ref idref="fl-df"/>
      </object_component>
      <object_component id="oc-31f">
         <name>.debug_info</name>
         <load_address>0x1dc14</load_address>
         <run_address>0x1dc14</run_address>
         <size>0x29d</size>
         <input_file_ref idref="fl-df"/>
      </object_component>
      <object_component id="oc-307">
         <name>.debug_info</name>
         <load_address>0x1deb1</load_address>
         <run_address>0x1deb1</run_address>
         <size>0x29b</size>
         <input_file_ref idref="fl-df"/>
      </object_component>
      <object_component id="oc-325">
         <name>.debug_info</name>
         <load_address>0x1e14c</load_address>
         <run_address>0x1e14c</run_address>
         <size>0x288</size>
         <input_file_ref idref="fl-df"/>
      </object_component>
      <object_component id="oc-337">
         <name>.debug_info</name>
         <load_address>0x1e3d4</load_address>
         <run_address>0x1e3d4</run_address>
         <size>0x28a</size>
         <input_file_ref idref="fl-df"/>
      </object_component>
      <object_component id="oc-30d">
         <name>.debug_info</name>
         <load_address>0x1e65e</load_address>
         <run_address>0x1e65e</run_address>
         <size>0x295</size>
         <input_file_ref idref="fl-df"/>
      </object_component>
      <object_component id="oc-221">
         <name>.debug_info</name>
         <load_address>0x1e8f3</load_address>
         <run_address>0x1e8f3</run_address>
         <size>0x3cb</size>
         <input_file_ref idref="fl-e0"/>
      </object_component>
      <object_component id="oc-232">
         <name>.debug_info</name>
         <load_address>0x1ecbe</load_address>
         <run_address>0x1ecbe</run_address>
         <size>0x250</size>
         <input_file_ref idref="fl-e0"/>
      </object_component>
      <object_component id="oc-2e8">
         <name>.debug_info</name>
         <load_address>0x1ef0e</load_address>
         <run_address>0x1ef0e</run_address>
         <size>0x252</size>
         <input_file_ref idref="fl-e0"/>
      </object_component>
      <object_component id="oc-22c">
         <name>.debug_info</name>
         <load_address>0x1f160</load_address>
         <run_address>0x1f160</run_address>
         <size>0x32f</size>
         <input_file_ref idref="fl-e0"/>
      </object_component>
      <object_component id="oc-11f">
         <name>.debug_info</name>
         <load_address>0x1f48f</load_address>
         <run_address>0x1f48f</run_address>
         <size>0x29a</size>
         <input_file_ref idref="fl-e0"/>
      </object_component>
      <object_component id="oc-238">
         <name>.debug_info</name>
         <load_address>0x1f729</load_address>
         <run_address>0x1f729</run_address>
         <size>0x27c</size>
         <input_file_ref idref="fl-e0"/>
      </object_component>
      <object_component id="oc-23e">
         <name>.debug_info</name>
         <load_address>0x1f9a5</load_address>
         <run_address>0x1f9a5</run_address>
         <size>0x256</size>
         <input_file_ref idref="fl-e0"/>
      </object_component>
      <object_component id="oc-402">
         <name>.debug_info</name>
         <load_address>0x1fbfb</load_address>
         <run_address>0x1fbfb</run_address>
         <size>0xa5</size>
      </object_component>
      <object_component id="oc-286">
         <name>.debug_line</name>
         <load_address>0x0</load_address>
         <run_address>0x0</run_address>
         <size>0x126</size>
         <input_file_ref idref="fl-2"/>
      </object_component>
      <object_component id="oc-35d">
         <name>.debug_line</name>
         <load_address>0x126</load_address>
         <run_address>0x126</run_address>
         <size>0x31</size>
         <input_file_ref idref="fl-2"/>
      </object_component>
      <object_component id="oc-35f">
         <name>.debug_line</name>
         <load_address>0x157</load_address>
         <run_address>0x157</run_address>
         <size>0x31</size>
         <input_file_ref idref="fl-2"/>
      </object_component>
      <object_component id="oc-137">
         <name>.debug_line</name>
         <load_address>0x188</load_address>
         <run_address>0x188</run_address>
         <size>0xc1</size>
         <input_file_ref idref="fl-2"/>
      </object_component>
      <object_component id="oc-151">
         <name>.debug_line</name>
         <load_address>0x249</load_address>
         <run_address>0x249</run_address>
         <size>0x6a</size>
         <input_file_ref idref="fl-2"/>
      </object_component>
      <object_component id="oc-a5">
         <name>.debug_line</name>
         <load_address>0x2b3</load_address>
         <run_address>0x2b3</run_address>
         <size>0x7a</size>
         <input_file_ref idref="fl-2"/>
      </object_component>
      <object_component id="oc-15b">
         <name>.debug_line</name>
         <load_address>0x32d</load_address>
         <run_address>0x32d</run_address>
         <size>0x6e</size>
         <input_file_ref idref="fl-2"/>
      </object_component>
      <object_component id="oc-27e">
         <name>.debug_line</name>
         <load_address>0x39b</load_address>
         <run_address>0x39b</run_address>
         <size>0x6b</size>
         <input_file_ref idref="fl-2"/>
      </object_component>
      <object_component id="oc-283">
         <name>.debug_line</name>
         <load_address>0x406</load_address>
         <run_address>0x406</run_address>
         <size>0x6c</size>
         <input_file_ref idref="fl-2"/>
      </object_component>
      <object_component id="oc-44">
         <name>.debug_line</name>
         <load_address>0x472</load_address>
         <run_address>0x472</run_address>
         <size>0x20</size>
         <input_file_ref idref="fl-2"/>
      </object_component>
      <object_component id="oc-94">
         <name>.debug_line</name>
         <load_address>0x492</load_address>
         <run_address>0x492</run_address>
         <size>0x6e</size>
         <input_file_ref idref="fl-2"/>
      </object_component>
      <object_component id="oc-162">
         <name>.debug_line</name>
         <load_address>0x500</load_address>
         <run_address>0x500</run_address>
         <size>0x7e</size>
         <input_file_ref idref="fl-2"/>
      </object_component>
      <object_component id="oc-9e">
         <name>.debug_line</name>
         <load_address>0x57e</load_address>
         <run_address>0x57e</run_address>
         <size>0x7b</size>
         <input_file_ref idref="fl-2"/>
      </object_component>
      <object_component id="oc-14c">
         <name>.debug_line</name>
         <load_address>0x5f9</load_address>
         <run_address>0x5f9</run_address>
         <size>0x76</size>
         <input_file_ref idref="fl-2"/>
      </object_component>
      <object_component id="oc-99">
         <name>.debug_line</name>
         <load_address>0x66f</load_address>
         <run_address>0x66f</run_address>
         <size>0x7d</size>
         <input_file_ref idref="fl-2"/>
      </object_component>
      <object_component id="oc-256">
         <name>.debug_line</name>
         <load_address>0x6ec</load_address>
         <run_address>0x6ec</run_address>
         <size>0x76</size>
         <input_file_ref idref="fl-2"/>
      </object_component>
      <object_component id="oc-156">
         <name>.debug_line</name>
         <load_address>0x762</load_address>
         <run_address>0x762</run_address>
         <size>0x6a</size>
         <input_file_ref idref="fl-2"/>
      </object_component>
      <object_component id="oc-27a">
         <name>.debug_line</name>
         <load_address>0x7cc</load_address>
         <run_address>0x7cc</run_address>
         <size>0x216</size>
         <input_file_ref idref="fl-3"/>
      </object_component>
      <object_component id="oc-8b">
         <name>.debug_line</name>
         <load_address>0x9e2</load_address>
         <run_address>0x9e2</run_address>
         <size>0xac</size>
         <input_file_ref idref="fl-3"/>
      </object_component>
      <object_component id="oc-36c">
         <name>.debug_line</name>
         <load_address>0xa8e</load_address>
         <run_address>0xa8e</run_address>
         <size>0x12d</size>
         <input_file_ref idref="fl-4"/>
      </object_component>
      <object_component id="oc-13a">
         <name>.debug_line</name>
         <load_address>0xbbb</load_address>
         <run_address>0xbbb</run_address>
         <size>0xb2</size>
         <input_file_ref idref="fl-4"/>
      </object_component>
      <object_component id="oc-a1">
         <name>.debug_line</name>
         <load_address>0xc6d</load_address>
         <run_address>0xc6d</run_address>
         <size>0x41</size>
         <input_file_ref idref="fl-5"/>
      </object_component>
      <object_component id="oc-39">
         <name>.debug_line</name>
         <load_address>0xcae</load_address>
         <run_address>0xcae</run_address>
         <size>0x41</size>
         <input_file_ref idref="fl-5"/>
      </object_component>
      <object_component id="oc-2c">
         <name>.debug_line</name>
         <load_address>0xcef</load_address>
         <run_address>0xcef</run_address>
         <size>0xa1</size>
         <input_file_ref idref="fl-5"/>
      </object_component>
      <object_component id="oc-2fe">
         <name>.debug_line</name>
         <load_address>0xd90</load_address>
         <run_address>0xd90</run_address>
         <size>0xb8</size>
         <input_file_ref idref="fl-6"/>
      </object_component>
      <object_component id="oc-2f1">
         <name>.debug_line</name>
         <load_address>0xe48</load_address>
         <run_address>0xe48</run_address>
         <size>0x61</size>
         <input_file_ref idref="fl-6"/>
      </object_component>
      <object_component id="oc-2fc">
         <name>.debug_line</name>
         <load_address>0xea9</load_address>
         <run_address>0xea9</run_address>
         <size>0x61</size>
         <input_file_ref idref="fl-6"/>
      </object_component>
      <object_component id="oc-2f3">
         <name>.debug_line</name>
         <load_address>0xf0a</load_address>
         <run_address>0xf0a</run_address>
         <size>0x61</size>
         <input_file_ref idref="fl-6"/>
      </object_component>
      <object_component id="oc-2ef">
         <name>.debug_line</name>
         <load_address>0xf6b</load_address>
         <run_address>0xf6b</run_address>
         <size>0x61</size>
         <input_file_ref idref="fl-6"/>
      </object_component>
      <object_component id="oc-125">
         <name>.debug_line</name>
         <load_address>0xfcc</load_address>
         <run_address>0xfcc</run_address>
         <size>0x2a6</size>
         <input_file_ref idref="fl-6"/>
      </object_component>
      <object_component id="oc-21e">
         <name>.debug_line</name>
[...]
      <symbol id="sm-594">
         <name>xTaskCatchUpTicks</name>
         <value>0xe49</value>
         <object_component_ref idref="oc-7f"/>
      </symbol>
      <symbol id="sm-595">
         <name>xTaskGenericNotifyFromISR</name>
         <value>0x1ed5</value>
         <object_component_ref idref="oc-7f"/>
      </symbol>
      <symbol id="sm-596">
         <name>uxTaskPriorityGet</name>
         <value>0x6a1</value>
         <object_component_ref idref="oc-7f"/>
      </symbol>
      <symbol id="sm-597">
         <name>xTaskResumeAll</name>
         <value>0xc29</value>
         <object_component_ref idref="oc-7f"/>
      </symbol>
      <symbol id="sm-598">
         <name>xTaskGetTickCount</name>
         <value>0xddd</value>
         <object_component_ref idref="oc-7f"/>
      </symbol>
      <symbol id="sm-599">
         <name>ulTaskGenericNotifyTake</name>
         <value>0x1b59</value>
         <object_component_ref idref="oc-7f"/>
      </symbol>
      <symbol id="sm-59a">
         <name>vTaskDelete</name>
         <value>0x4b7</value>
         <object_component_ref idref="oc-7f"/>
      </symbol>
      <symbol id="sm-59b">
         <name>ulTaskGenericNotifyValueClear</name>
         <value>0x232d</value>
         <object_component_ref idref="oc-7f"/>
      </symbol>
      <symbol id="sm-59c">
         <name>xTaskGenericNotifyWait</name>
         <value>0x1c17</value>
         <object_component_ref idref="oc-7f"/>
      </symbol>
      <symbol id="sm-59d">
         <name>pxCurrentTCB</name>
         <value>0x200078b0</value>
         <object_component_ref idref="oc-79"/>
      </symbol>
      <symbol id="sm-59e">
         <name>vTaskSuspend</name>
         <value>0x883</value>
         <object_component_ref idref="oc-7f"/>
      </symbol>
      <symbol id="sm-59f">
         <name>xTaskGetTickCountFromISR</name>
         <value>0xded</value>
         <object_component_ref idref="oc-7f"/>
      </symbol>
      <symbol id="sm-5a0">
         <name>vTaskResume</name>
         <value>0x9ad</value>
         <object_component_ref idref="oc-7f"/>
      </symbol>
      <symbol id="sm-5a1">
         <name>uxTopUsedPriority</name>
         <value>0x5cb8</value>
         <object_component_ref idref="oc-fc"/>
      </symbol>
      <symbol id="sm-5a2">
         <name>vTaskPlaceOnEventListRestricted</name>
         <value>0x11c7</value>
         <object_component_ref idref="oc-7f"/>
      </symbol>
      <symbol id="sm-5a3">
         <name>vTaskSetTimeOutState</name>
         <value>0x14ed</value>
         <object_component_ref idref="oc-7f"/>
      </symbol>
      <symbol id="sm-5a4">
         <name>xTaskIncrementTick</name>
         <value>0xea5</value>
         <object_component_ref idref="oc-7f"/>
      </symbol>
      <symbol id="sm-5a5">
         <name>vTaskSwitchContext</name>
         <value>0x1071</value>
         <object_component_ref idref="oc-7f"/>
      </symbol>
      <symbol id="sm-5a6">
         <name>uxTaskResetEventItemValue</name>
         <value>0x1b19</value>
         <object_component_ref idref="oc-7f"/>
      </symbol>
      <symbol id="sm-5a7">
         <name>xTaskGetSchedulerState</name>
         <value>0x1795</value>
         <object_component_ref idref="oc-7f"/>
      </symbol>
      <symbol id="sm-5a8">
         <name>xTaskResumeFromISR</name>
         <value>0xa91</value>
         <object_component_ref idref="oc-7f"/>
      </symbol>
      <symbol id="sm-5a9">
         <name>xTaskGetCurrentTaskHandle</name>
         <value>0x1779</value>
         <object_component_ref idref="oc-7f"/>
      </symbol>
      <symbol id="sm-5aa">
         <name>vTaskPlaceOnUnorderedEventList</name>
         <value>0x1139</value>
         <object_component_ref idref="oc-7f"/>
      </symbol>
      <symbol id="sm-5ab">
         <name>xTaskRemoveFromEventList</name>
         <value>0x124d</value>
         <object_component_ref idref="oc-7f"/>
      </symbol>
      <symbol id="sm-5ac">
         <name>xTaskPriorityInherit</name>
         <value>0x17c1</value>
         <object_component_ref idref="oc-7f"/>
      </symbol>
      <symbol id="sm-661">
         <name>xTimerGetTimerDaemonTaskHandle</name>
         <value>0x3663</value>
         <object_component_ref idref="oc-f3"/>
      </symbol>
      <symbol id="sm-662">
         <name>pcTimerGetName</name>
         <value>0x3743</value>
         <object_component_ref idref="oc-f3"/>
      </symbol>
      <symbol id="sm-663">
         <name>xTimerCreateTimerTask</name>
         <value>0x3519</value>
         <object_component_ref idref="oc-f3"/>
      </symbol>
      <symbol id="sm-664">
         <name>xTimerGetExpiryTime</name>
         <value>0x3723</value>
         <object_component_ref idref="oc-f3"/>
      </symbol>
      <symbol id="sm-665">
         <name>xTimerIsTimerActive</name>
         <value>0x3b5d</value>
         <object_component_ref idref="oc-f3"/>
      </symbol>
      <symbol id="sm-666">
         <name>xTimerGetPeriod</name>
         <value>0x3681</value>
         <object_component_ref idref="oc-f3"/>
      </symbol>
      <symbol id="sm-667">
         <name>xTimerGetReloadMode</name>
         <value>0x36e1</value>
         <object_component_ref idref="oc-f3"/>
      </symbol>
      <symbol id="sm-668">
         <name>xTimerCreate</name>
         <value>0x3551</value>
         <object_component_ref idref="oc-f3"/>
      </symbol>
      <symbol id="sm-669">
         <name>vTimerSetReloadMode</name>
         <value>0x369d</value>
         <object_component_ref idref="oc-f3"/>
      </symbol>
      <symbol id="sm-66a">
         <name>xTimerGenericCommand</name>
         <value>0x35e9</value>
         <object_component_ref idref="oc-f3"/>
      </symbol>
      <symbol id="sm-66b">
         <name>uxTimerGetReloadMode</name>
         <value>0x3717</value>
         <object_component_ref idref="oc-f3"/>
      </symbol>
      <symbol id="sm-66c">
         <name>pvTimerGetTimerID</name>
         <value>0x3b93</value>
         <object_component_ref idref="oc-f3"/>
      </symbol>
      <symbol id="sm-66d">
         <name>vTimerSetTimerID</name>
         <value>0x3bbb</value>
         <object_component_ref idref="oc-f3"/>
      </symbol>
      <symbol id="sm-6b8">
         <name>ulMaxSyscallInterruptPriority</name>
         <value>0x5cb0</value>
         <object_component_ref idref="oc-7c"/>
      </symbol>
      <symbol id="sm-6b9">
         <name>vPortSetupTimerInterrupt</name>
         <value>0x4a39</value>
         <object_component_ref idref="oc-32"/>
      </symbol>
      <symbol id="sm-6ba">
         <name>vPortEndScheduler</name>
         <value>0x498d</value>
         <object_component_ref idref="oc-32"/>
      </symbol>
      <symbol id="sm-6bb">
         <name>xPortSysTickHandler</name>
         <value>0x4a13</value>
         <object_component_ref idref="oc-32"/>
      </symbol>
      <symbol id="sm-6bc">
         <name>vPortValidateInterruptPriority</name>
         <value>0x4a55</value>
         <object_component_ref idref="oc-32"/>
      </symbol>
      <symbol id="sm-6bd">
         <name>pxPortInitialiseStack</name>
         <value>0x4855</value>
         <object_component_ref idref="oc-32"/>
      </symbol>
      <symbol id="sm-6be">
         <name>vPortExitCritical</name>
         <value>0x49eb</value>
         <object_component_ref idref="oc-32"/>
      </symbol>
      <symbol id="sm-6bf">
         <name>xPortStartScheduler</name>
         <value>0x48db</value>
         <object_component_ref idref="oc-32"/>
      </symbol>
      <symbol id="sm-6c0">
         <name>vPortEnterCritical</name>
         <value>0x49ad</value>
         <object_component_ref idref="oc-32"/>
      </symbol>
      <symbol id="sm-6cf">
         <name>vPortStartFirstTask</name>
         <value>0x55a1</value>
         <object_component_ref idref="oc-2d"/>
      </symbol>
      <symbol id="sm-6d0">
         <name>ulPortGetIPSR</name>
         <value>0x5509</value>
         <object_component_ref idref="oc-2d"/>
      </symbol>
      <symbol id="sm-6d1">
         <name>vPortEnableVFP</name>
         <value>0x55c5</value>
         <object_component_ref idref="oc-2d"/>
      </symbol>
      <symbol id="sm-6d2">
         <name>xPortPendSVHandler</name>
         <value>0x5521</value>
         <object_component_ref idref="oc-2d"/>
      </symbol>
      <symbol id="sm-6d3">
         <name>vPortSVCHandler</name>
         <value>0x5581</value>
         <object_component_ref idref="oc-2d"/>
      </symbol>
      <symbol id="sm-743">
         <name>vPortInitialiseBlocks</name>
         <value>0x428f</value>
         <object_component_ref idref="oc-de"/>
      </symbol>
      <symbol id="sm-744">
         <name>vPortGetHeapStats</name>
         <value>0x444d</value>
         <object_component_ref idref="oc-de"/>
      </symbol>
      <symbol id="sm-745">
         <name>xPortGetFreeHeapSize</name>
         <value>0x4283</value>
         <object_component_ref idref="oc-de"/>
      </symbol>
      <symbol id="sm-746">
         <name>pvPortCalloc</name>
         <value>0x4291</value>
         <object_component_ref idref="oc-de"/>
      </symbol>
      <symbol id="sm-747">
         <name>pvPortMalloc</name>
         <value>0x40ad</value>
         <object_component_ref idref="oc-de"/>
      </symbol>
      <symbol id="sm-748">
         <name>vPortFree</name>
         <value>0x41f3</value>
         <object_component_ref idref="oc-de"/>
      </symbol>
      <symbol id="sm-749">
         <name>xPortGetMinimumEverFreeHeapSize</name>
         <value>0x4289</value>
         <object_component_ref idref="oc-de"/>
      </symbol>
      <symbol id="sm-76d">
         <name>ButtonsInit</name>
         <value>0x52b1</value>
         <object_component_ref idref="oc-271"/>
      </symbol>
      <symbol id="sm-76e">
         <name>ButtonsPoll</name>
         <value>0x5211</value>
         <object_component_ref idref="oc-271"/>
      </symbol>
      <symbol id="sm-7b4">
         <name>RGBDisable</name>
         <value>0x4665</value>
         <object_component_ref idref="oc-263"/>
      </symbol>
      <symbol id="sm-7b5">
         <name>RGBBlinkRateSet</name>
         <value>0x4763</value>
         <object_component_ref idref="oc-263"/>
      </symbol>
      <symbol id="sm-7b6">
         <name>RGBIntensitySet</name>
         <value>0x474f</value>
         <object_component_ref idref="oc-263"/>
      </symbol>
      <symbol id="sm-7b7">
         <name>RGBBlinkIntHandler</name>
         <value>0x4515</value>
         <object_component_ref idref="oc-263"/>
      </symbol>
      <symbol id="sm-7b8">
         <name>RGBEnable</name>
         <value>0x45f5</value>
         <object_component_ref idref="oc-263"/>
      </symbol>
      <symbol id="sm-7b9">
         <name>RGBColorGet</name>
         <value>0x47c7</value>
         <object_component_ref idref="oc-263"/>
      </symbol>
      <symbol id="sm-7ba">
         <name>RGBInit</name>
         <value>0x453d</value>
         <object_component_ref idref="oc-263"/>
      </symbol>
      <symbol id="sm-7bb">
         <name>RGBColorSet</name>
         <value>0x46b7</value>
         <object_component_ref idref="oc-263"/>
      </symbol>
      <symbol id="sm-7bc">
         <name>RGBSet</name>
         <value>0x469f</value>
         <object_component_ref idref="oc-263"/>
      </symbol>
      <symbol id="sm-7c6">
         <name>__aeabi_f2ulz</name>
         <value>0x5819</value>
         <object_component_ref idref="oc-348"/>
      </symbol>
      <symbol id="sm-7e1">
         <name>memcpy</name>
         <value>0x55d3</value>
         <object_component_ref idref="oc-46"/>
      </symbol>
      <symbol id="sm-7e2">
         <name>__aeabi_memcpy</name>
         <value>0x55d3</value>
         <object_component_ref idref="oc-46"/>
      </symbol>
      <symbol id="sm-7e3">
         <name>__aeabi_memcpy8</name>
         <value>0x55d3</value>
         <object_component_ref idref="oc-46"/>
      </symbol>
      <symbol id="sm-7e4">
         <name>__aeabi_memcpy4</name>
         <value>0x55d3</value>
         <object_component_ref idref="oc-46"/>
      </symbol>
      <symbol id="sm-7f3">
         <name>__aeabi_memset</name>
         <value>0x5671</value>
         <object_component_ref idref="oc-bc"/>
      </symbol>
      <symbol id="sm-7f4">
         <name>memset</name>
         <value>0x5677</value>
         <object_component_ref idref="oc-bc"/>
      </symbol>
      <symbol id="sm-7f5">
         <name>__aeabi_memset8</name>
         <value>0x5671</value>
         <object_component_ref idref="oc-bc"/>
      </symbol>
      <symbol id="sm-7f6">
         <name>__aeabi_memset4</name>
         <value>0x5671</value>
         <object_component_ref idref="oc-bc"/>
      </symbol>
      <symbol id="sm-7f7">
         <name>__aeabi_memclr8</name>
         <value>0x566f</value>
         <object_component_ref idref="oc-bc"/>
      </symbol>
      <symbol id="sm-7f8">
         <name>__aeabi_memclr4</name>
         <value>0x566f</value>
         <object_component_ref idref="oc-bc"/>
      </symbol>
      <symbol id="sm-7f9">
         <name>__aeabi_memclr</name>
         <value>0x566f</value>
         <object_component_ref idref="oc-bc"/>
      </symbol>
      <symbol id="sm-808">
         <name>__aeabi_uidivmod</name>
         <value>0x5941</value>
         <object_component_ref idref="oc-249"/>
      </symbol>
      <symbol id="sm-809">
         <name>__aeabi_uidiv</name>
         <value>0x5941</value>
         <object_component_ref idref="oc-249"/>
      </symbol>
      <symbol id="sm-81b">
         <name>__TI_zero_init</name>
         <value>0x5b1b</value>
         <object_component_ref idref="oc-58"/>
      </symbol>
      <symbol id="sm-832">
         <name>__TI_decompress_none</name>
         <value>0x5b0d</value>
         <object_component_ref idref="oc-1b"/>
      </symbol>
      <symbol id="sm-855">
         <name>__TI_decompress_lzss</name>
         <value>0x5751</value>
         <object_component_ref idref="oc-15"/>
      </symbol>
      <symbol id="sm-868">
         <name>__stack</name>
         <value>0x200076b0</value>
         <object_component_ref idref="oc-24"/>
      </symbol>
      <symbol id="sm-869">
         <name>_c_int00_noargs</name>
         <value>0x59ed</value>
         <object_component_ref idref="oc-64"/>
      </symbol>
      <symbol id="sm-873">
         <name>__aeabi_idiv0</name>
         <value>0x50f7</value>
         <object_component_ref idref="oc-2f4"/>
      </symbol>
      <symbol id="sm-874">
         <name>__aeabi_ldiv0</name>
         <value>0x50f7</value>
         <object_component_ref idref="oc-2f4"/>
      </symbol>
      <symbol id="sm-89c">
         <name>__TI_auto_init_nobinit_nopinit</name>
         <value>0x58fd</value>
         <object_component_ref idref="oc-180"/>
      </symbol>
      <symbol id="sm-8a6">
         <name>_system_pre_init</name>
         <value>0x5b6b</value>
         <object_component_ref idref="oc-c2"/>
      </symbol>
      <symbol id="sm-8b2">
         <name>C$$EXIT</name>
         <value>0x5b6f</value>
         <object_component_ref idref="oc-174"/>
      </symbol>
      <symbol id="sm-8b3">
         <name>abort</name>
         <value>0x5b6f</value>
         <object_component_ref idref="oc-174"/>
      </symbol>
      <symbol id="sm-91b">
         <name>GPIOPinConfigure</name>
         <value>0x5869</value>
         <object_component_ref idref="oc-10f"/>
      </symbol>
      <symbol id="sm-91c">
         <name>GPIOPinTypeGPIOInput</name>
         <value>0x5a85</value>
         <object_component_ref idref="oc-330"/>
      </symbol>
      <symbol id="sm-91d">
         <name>GPIOPinTypeUART</name>
         <value>0x5ab1</value>
         <object_component_ref idref="oc-115"/>
      </symbol>
      <symbol id="sm-91e">
         <name>GPIOPinRead</name>
         <value>0x5b4f</value>
         <object_component_ref idref="oc-360"/>
      </symbol>
      <symbol id="sm-91f">
         <name>GPIODirModeSet</name>
         <value>0x5a21</value>
         <object_component_ref idref="oc-20e"/>
      </symbol>
      <symbol id="sm-920">
         <name>GPIOPadConfigSet</name>
         <value>0x4e61</value>
         <object_component_ref idref="oc-214"/>
      </symbol>
      <symbol id="sm-921">
         <name>GPIOPinTypeTimer</name>
         <value>0x5a9b</value>
         <object_component_ref idref="oc-32a"/>
      </symbol>
      <symbol id="sm-940">
         <name>IntEnable</name>
         <value>0x56e9</value>
         <object_component_ref idref="oc-318"/>
      </symbol>
      <symbol id="sm-99e">
         <name>SysCtlPeripheralPresent</name>
         <value>0x5981</value>
         <object_component_ref idref="oc-222"/>
      </symbol>
      <symbol id="sm-99f">
         <name>SysCtlClockSet</name>
         <value>0x5315</value>
         <object_component_ref idref="oc-127"/>
      </symbol>
      <symbol id="sm-9a0">
         <name>SysCtlDelay</name>
         <value>0x5b55</value>
         <object_component_ref idref="oc-258"/>
      </symbol>
      <symbol id="sm-9a1">
         <name>SysCtlPeripheralEnable</name>
         <value>0x59b9</value>
         <object_component_ref idref="oc-109"/>
      </symbol>
      <symbol id="sm-9a2">
         <name>SysCtlClockGet</name>
         <value>0x50f9</value>
         <object_component_ref idref="oc-342"/>
      </symbol>
      <symbol id="sm-9f0">
         <name>TimerMatchSet</name>
         <value>0x5aed</value>
         <object_component_ref idref="oc-33c"/>
      </symbol>
      <symbol id="sm-9f1">
         <name>TimerLoadSet</name>
         <value>0x5adb</value>
         <object_component_ref idref="oc-34d"/>
      </symbol>
      <symbol id="sm-9f2">
         <name>TimerDisable</name>
         <value>0x5a6d</value>
         <object_component_ref idref="oc-336"/>
      </symbol>
      <symbol id="sm-9f3">
         <name>TimerEnable</name>
         <value>0x5aff</value>
         <object_component_ref idref="oc-324"/>
      </symbol>
      <symbol id="sm-9f4">
         <name>TimerIntEnable</name>
         <value>0x5b47</value>
         <object_component_ref idref="oc-31e"/>
      </symbol>
      <symbol id="sm-9f5">
         <name>TimerLoadSet64</name>
         <value>0x5b5b</value>
         <object_component_ref idref="oc-312"/>
      </symbol>
      <symbol id="sm-9f6">
         <name>TimerConfigure</name>
         <value>0x57b9</value>
         <object_component_ref idref="oc-30c"/>
      </symbol>
      <symbol id="sm-9f7">
         <name>TimerIntClear</name>
         <value>0x5b67</value>
         <object_component_ref idref="oc-306"/>
      </symbol>
      <symbol id="sm-a32">
         <name>UARTConfigSetExpClk</name>
         <value>0x58b5</value>
         <object_component_ref idref="oc-228"/>
      </symbol>
      <symbol id="sm-a33">
         <name>UARTDisable</name>
         <value>0x5a4d</value>
         <object_component_ref idref="oc-2e4"/>
      </symbol>
      <symbol id="sm-a34">
         <name>UARTClockSourceSet</name>
         <value>0x5b61</value>
         <object_component_ref idref="oc-11b"/>
      </symbol>
      <symbol id="sm-a35">
         <name>UARTCharPut</name>
         <value>0x5b3d</value>
         <object_component_ref idref="oc-234"/>
      </symbol>
      <symbol id="sm-a36">
         <name>UARTEnable</name>
         <value>0x5ac7</value>
         <object_component_ref idref="oc-22e"/>
      </symbol>
      <symbol id="sm-a37">
         <name>UARTCharGet</name>
         <value>0x5b33</value>
         <object_component_ref idref="oc-23a"/>
      </symbol>
      <symbol id="sm-a39">
         <name>__TI_static_base__</name>
         <value>0x0</value>
      </symbol>
      <symbol id="sm-a3c">
         <name>__mpu_init</name>
         <value>0x0</value>
      </symbol>
      <symbol id="sm-a3d">
         <name>_system_post_cinit</name>
         <value>0x0</value>
      </symbol>
   </symbol_table>
   <title>Link successful</title>
</link_info>
