<?xml version="1.0" encoding="ISO-8859-1" ?>
<link_info>
   <banner>TI ARM Linker Unix v20.2.7.LTS</banner>
   <copyright>Copyright (c) 1996-2018 Texas Instruments Incorporated</copyright>
   <link_time>0x64bcf3e6</link_time>
   <link_errors>0x0</link_errors>
   <output_file>Blink_FE.out</output_file>
   <entry_point>
      <name>_c_int00_noargs</name>
      <address>0x3569</address>
   </entry_point>
   <input_file_list>
      <input_file id="fl-1">
         <path>./</path>
         <kind>object</kind>
         <file>main.obj</file>
         <name>main.obj</name>
      </input_file>
      <input_file id="fl-2">
         <path>./</path>
         <kind>object</kind>
         <file>tm4c123gh6pm_startup_ccs.obj</file>
         <name>tm4c123gh6pm_startup_ccs.obj</name>
      </input_file>
      <input_file id="fl-3">
         <path>./FreeRTOS/</path>
         <kind>object</kind>
         <file>croutine.obj</file>
         <name>croutine.obj</name>
      </input_file>
      <input_file id="fl-4">
         <path>./FreeRTOS/</path>
         <kind>object</kind>
         <file>event_groups.obj</file>
         <name>event_groups.obj</name>
      </input_file>
      <input_file id="fl-5">
         <path>./FreeRTOS/</path>
         <kind>object</kind>
         <file>list.obj</file>
         <name>list.obj</name>
      </input_file>
      <input_file id="fl-6">
         <path>./FreeRTOS/</path>
         <kind>object</kind>
         <file>queue.obj</file>
         <name>queue.obj</name>
      </input_file>
      <input_file id="fl-7">
         <path>./FreeRTOS/</path>
         <kind>object</kind>
         <file>stream_buffer.obj</file>
         <name>stream_buffer.obj</name>
      </input_file>
      <input_file id="fl-8">
         <path>./FreeRTOS/</path>
         <kind>object</kind>
         <file>tasks.obj</file>
         <name>tasks.obj</name>
      </input_file>
      <input_file id="fl-9">
         <path>./FreeRTOS/</path>
         <kind>object</kind>
         <file>timers.obj</file>
         <name>timers.obj</name>
      </input_file>
      <input_file id="fl-a">
         <path>./FreeRTOS/portable/CCS/ARM_CM4F/</path>
         <kind>object</kind>
         <file>port.obj</file>
         <name>port.obj</name>
      </input_file>
      <input_file id="fl-b">
         <path>./FreeRTOS/portable/CCS/ARM_CM4F/</path>
         <kind>object</kind>
         <file>portasm.obj</file>
         <name>portasm.obj</name>
      </input_file>
      <input_file id="fl-c">
         <path>./FreeRTOS/portable/MemMang/</path>
         <kind>object</kind>
         <file>heap_4.obj</file>
         <name>heap_4.obj</name>
      </input_file>
      <input_file id="fl-11">
         <kind>object</kind>
         <file>&lt;internal&gt;</file>
         <name>&lt;internal&gt;</name>
      </input_file>
      <input_file id="fl-12">
         <path>/Users/david/ti/TivaWare_C_Series-2.2.0.295/driverlib/ccs/Debug/</path>
         <kind>archive</kind>
         <file>driverlib.lib</file>
         <name>gpio.obj</name>
      </input_file>
      <input_file id="fl-13">
         <path>/Users/david/ti/TivaWare_C_Series-2.2.0.295/driverlib/ccs/Debug/</path>
         <kind>archive</kind>
         <file>driverlib.lib</file>
         <name>interrupt.obj</name>
      </input_file>
      <input_file id="fl-14">
         <path>/Users/david/ti/TivaWare_C_Series-2.2.0.295/driverlib/ccs/Debug/</path>
         <kind>archive</kind>
         <file>driverlib.lib</file>
         <name>sysctl.obj</name>
      </input_file>
      <input_file id="fl-15">
         <path>/Users/david/ti/TivaWare_C_Series-2.2.0.295/driverlib/ccs/Debug/</path>
         <kind>archive</kind>
         <file>driverlib.lib</file>
         <name>cpu.obj</name>
      </input_file>
      <input_file id="fl-cb">
         <path>/Applications/ti/ccs1210/ccs/tools/compiler/ti-cgt-arm_20.2.7.LTS/lib/</path>
         <kind>archive</kind>
         <file>rtsv7M4_T_le_v4SPD16_eabi.lib</file>
         <name>memcpy_t2.asm.obj</name>
      </input_file>
      <input_file id="fl-cc">
         <path>/Applications/ti/ccs1210/ccs/tools/compiler/ti-cgt-arm_20.2.7.LTS/lib/</path>
         <kind>archive</kind>
         <file>rtsv7M4_T_le_v4SPD16_eabi.lib</file>
         <name>memset_t2.asm.obj</name>
      </input_file>
      <input_file id="fl-cd">
         <path>/Applications/ti/ccs1210/ccs/tools/compiler/ti-cgt-arm_20.2.7.LTS/lib/</path>
         <kind>archive</kind>
         <file>rtsv7M4_T_le_v4SPD16_eabi.lib</file>
         <name>copy_zero_init.c.obj</name>
      </input_file>
      <input_file id="fl-ce">
         <path>/Applications/ti/ccs1210/ccs/tools/compiler/ti-cgt-arm_20.2.7.LTS/lib/</path>
         <kind>archive</kind>
         <file>rtsv7M4_T_le_v4SPD16_eabi.lib</file>
         <name>copy_decompress_none.c.obj</name>
      </input_file>
      <input_file id="fl-cf">
         <path>/Applications/ti/ccs1210/ccs/tools/compiler/ti-cgt-arm_20.2.7.LTS/lib/</path>
         <kind>archive</kind>
         <file>rtsv7M4_T_le_v4SPD16_eabi.lib</file>
         <name>copy_decompress_lzss.c.obj</name>
      </input_file>
      <input_file id="fl-d0">
         <path>/Applications/ti/ccs1210/ccs/tools/compiler/ti-cgt-arm_20.2.7.LTS/lib/</path>
         <kind>archive</kind>
         <file>rtsv7M4_T_le_v4SPD16_eabi.lib</file>
         <name>boot_cortex_m.c.obj</name>
      </input_file>
      <input_file id="fl-d1">
         <path>/Applications/ti/ccs1210/ccs/tools/compiler/ti-cgt-arm_20.2.7.LTS/lib/</path>
         <kind>archive</kind>
         <file>rtsv7M4_T_le_v4SPD16_eabi.lib</file>
         <name>autoinit.c.obj</name>
      </input_file>
      <input_file id="fl-d2">
         <path>/Applications/ti/ccs1210/ccs/tools/compiler/ti-cgt-arm_20.2.7.LTS/lib/</path>
         <kind>archive</kind>
         <file>rtsv7M4_T_le_v4SPD16_eabi.lib</file>
         <name>pre_init.c.obj</name>
      </input_file>
      <input_file id="fl-d3">
         <path>/Applications/ti/ccs1210/ccs/tools/compiler/ti-cgt-arm_20.2.7.LTS/lib/</path>
         <kind>archive</kind>
         <file>rtsv7M4_T_le_v4SPD16_eabi.lib</file>
         <name>cpy_tbl.c.obj</name>
      </input_file>
      <input_file id="fl-d4">
         <path>/Applications/ti/ccs1210/ccs/tools/compiler/ti-cgt-arm_20.2.7.LTS/lib/</path>
         <kind>archive</kind>
         <file>rtsv7M4_T_le_v4SPD16_eabi.lib</file>
         <name>exit.c.obj</name>
      </input_file>
      <input_file id="fl-d5">
         <path>/Applications/ti/ccs1210/ccs/tools/compiler/ti-cgt-arm_20.2.7.LTS/lib/</path>
         <kind>archive</kind>
         <file>rtsv7M4_T_le_v4SPD16_eabi.lib</file>
         <name>_lock.c.obj</name>
      </input_file>
      <input_file id="fl-d6">
         <path>/Applications/ti/ccs1210/ccs/tools/compiler/ti-cgt-arm_20.2.7.LTS/lib/</path>
         <kind>archive</kind>
         <file>rtsv7M4_T_le_v4SPD16_eabi.lib</file>
         <name>args_main.c.obj</name>
      </input_file>
   </input_file_list>
   <object_component_list>
      <object_component id="oc-12">
         <name>.intvecs</name>
         <load_address>0x0</load_address>
         <run_address>0x0</run_address>
         <size>0x26c</size>
         <input_file_ref idref="fl-2"/>
      </object_component>
      <object_component id="oc-7f">
         <name>.text</name>
         <load_address>0x26c</load_address>
         <run_address>0x26c</run_address>
         <size>0x16e0</size>
         <input_file_ref idref="fl-8"/>
      </object_component>
      <object_component id="oc-1d5">
         <name>.text</name>
         <load_address>0x194c</load_address>
         <run_address>0x194c</run_address>
         <size>0xba0</size>
         <input_file_ref idref="fl-6"/>
      </object_component>
      <object_component id="oc-ff">
         <name>.text</name>
         <load_address>0x24ec</load_address>
         <run_address>0x24ec</run_address>
         <size>0x510</size>
         <input_file_ref idref="fl-9"/>
      </object_component>
      <object_component id="oc-f0">
         <name>.text</name>
         <load_address>0x29fc</load_address>
         <run_address>0x29fc</run_address>
         <size>0x298</size>
         <input_file_ref idref="fl-c"/>
      </object_component>
      <object_component id="oc-32">
         <name>.text</name>
         <load_address>0x2c94</load_address>
         <run_address>0x2c94</run_address>
         <size>0x210</size>
         <input_file_ref idref="fl-a"/>
      </object_component>
      <object_component id="oc-121">
         <name>.text:GPIOPadConfigSet</name>
         <load_address>0x2ea4</load_address>
         <run_address>0x2ea4</run_address>
         <size>0x16c</size>
         <input_file_ref idref="fl-12"/>
      </object_component>
      <object_component id="oc-109">
         <name>.text:SysCtlClockSet</name>
         <load_address>0x3010</load_address>
         <run_address>0x3010</run_address>
         <size>0xf4</size>
         <input_file_ref idref="fl-14"/>
      </object_component>
      <object_component id="oc-2d">
         <name>.text</name>
         <load_address>0x3104</load_address>
         <run_address>0x3104</run_address>
         <size>0xda</size>
         <input_file_ref idref="fl-b"/>
      </object_component>
      <object_component id="oc-86">
         <name>.text</name>
         <load_address>0x31e0</load_address>
         <run_address>0x31e0</run_address>
         <size>0xc8</size>
         <input_file_ref idref="fl-1"/>
      </object_component>
      <object_component id="oc-46">
         <name>.text</name>
         <load_address>0x32a8</load_address>
         <run_address>0x32a8</run_address>
         <size>0x9c</size>
         <input_file_ref idref="fl-cb"/>
      </object_component>
      <object_component id="oc-de">
         <name>.text</name>
         <load_address>0x3344</load_address>
         <run_address>0x3344</run_address>
         <size>0x92</size>
         <input_file_ref idref="fl-5"/>
      </object_component>
      <object_component id="oc-bc">
         <name>.text</name>
         <load_address>0x33d6</load_address>
         <run_address>0x33d6</run_address>
         <size>0x7a</size>
         <input_file_ref idref="fl-cc"/>
      </object_component>
      <object_component id="oc-15">
         <name>.text:decompress:lzss:__TI_decompress_lzss</name>
         <load_address>0x3450</load_address>
         <run_address>0x3450</run_address>
         <size>0x68</size>
         <input_file_ref idref="fl-cf"/>
      </object_component>
      <object_component id="oc-16d">
         <name>.text:__TI_auto_init_nobinit_nopinit:__TI_auto_init_nobinit_nopinit</name>
         <load_address>0x34b8</load_address>
         <run_address>0x34b8</run_address>
         <size>0x44</size>
         <input_file_ref idref="fl-d1"/>
      </object_component>
      <object_component id="oc-115">
         <name>.text:SysCtlPeripheralReady</name>
         <load_address>0x34fc</load_address>
         <run_address>0x34fc</run_address>
         <size>0x38</size>
         <input_file_ref idref="fl-14"/>
      </object_component>
      <object_component id="oc-10f">
         <name>.text:SysCtlPeripheralEnable</name>
         <load_address>0x3534</load_address>
         <run_address>0x3534</run_address>
         <size>0x34</size>
         <input_file_ref idref="fl-14"/>
      </object_component>
      <object_component id="oc-64">
         <name>.text:_c_int00_noargs:_c_int00_noargs</name>
         <load_address>0x3568</load_address>
         <run_address>0x3568</run_address>
         <size>0x34</size>
         <input_file_ref idref="fl-d0"/>
      </object_component>
      <object_component id="oc-1fa">
         <name>.text:GPIODirModeSet</name>
         <load_address>0x359c</load_address>
         <run_address>0x359c</run_address>
         <size>0x2c</size>
         <input_file_ref idref="fl-12"/>
      </object_component>
      <object_component id="oc-11b">
         <name>.text:GPIOPinTypeGPIOOutput</name>
         <load_address>0x35c8</load_address>
         <run_address>0x35c8</run_address>
         <size>0x1a</size>
         <input_file_ref idref="fl-12"/>
      </object_component>
      <object_component id="oc-1b">
         <name>.text:decompress:none:__TI_decompress_none</name>
         <load_address>0x35e2</load_address>
         <run_address>0x35e2</run_address>
         <size>0xe</size>
         <input_file_ref idref="fl-ce"/>
      </object_component>
      <object_component id="oc-58">
         <name>.text:decompress:ZI:__TI_zero_init</name>
         <load_address>0x35f0</load_address>
         <run_address>0x35f0</run_address>
         <size>0xc</size>
         <input_file_ref idref="fl-cd"/>
      </object_component>
      <object_component id="oc-27">
         <name>.text</name>
         <load_address>0x35fc</load_address>
         <run_address>0x35fc</run_address>
         <size>0xc</size>
         <input_file_ref idref="fl-2"/>
      </object_component>
      <object_component id="oc-127">
         <name>.text:GPIOPinWrite</name>
         <load_address>0x3608</load_address>
         <run_address>0x3608</run_address>
         <size>0x6</size>
         <input_file_ref idref="fl-12"/>
      </object_component>
      <object_component id="oc-1f5">
         <name>.text:SysCtlDelay</name>
         <load_address>0x360e</load_address>
         <run_address>0x360e</run_address>
         <size>0x6</size>
         <input_file_ref idref="fl-14"/>
      </object_component>
      <object_component id="oc-c2">
         <name>.text:_system_pre_init</name>
         <load_address>0x3614</load_address>
         <run_address>0x3614</run_address>
         <size>0x4</size>
         <input_file_ref idref="fl-d2"/>
      </object_component>
      <object_component id="oc-161">
         <name>.text:abort:abort</name>
         <load_address>0x3618</load_address>
         <run_address>0x3618</run_address>
         <size>0x4</size>
         <input_file_ref idref="fl-d4"/>
      </object_component>
      <object_component id="oc-7c">
         <name>.const</name>
         <load_address>0x361c</load_address>
         <run_address>0x361c</run_address>
         <size>0x8</size>
         <input_file_ref idref="fl-a"/>
      </object_component>
      <object_component id="oc-105">
         <name>.const</name>
         <load_address>0x3624</load_address>
         <run_address>0x3624</run_address>
         <size>0x4</size>
         <input_file_ref idref="fl-8"/>
      </object_component>
      <object_component id="oc-2cf">
         <name>.cinit..data.load</name>
         <load_address>0x3628</load_address>
         <run_address>0x3628</run_address>
         <size>0x12</size>
      </object_component>
      <object_component id="oc-2cd">
         <name>__TI_handler_table</name>
         <load_address>0x363c</load_address>
         <run_address>0x363c</run_address>
         <size>0xc</size>
      </object_component>
      <object_component id="oc-2d0">
         <name>.cinit..bss.load</name>
         <load_address>0x3648</load_address>
         <run_address>0x3648</run_address>
         <size>0x8</size>
      </object_component>
      <object_component id="oc-2ce">
         <name>__TI_cinit_table</name>
         <load_address>0x3650</load_address>
         <run_address>0x3650</run_address>
         <size>0x10</size>
      </object_component>
      <object_component id="oc-79">
         <name>.data</name>
         <load_address>0x20002b58</load_address>
         <run_address>0x20002b58</run_address>
         <size>0x34</size>
         <input_file_ref idref="fl-8"/>
      </object_component>
      <object_component id="oc-1db">
         <name>.data</name>
         <load_address>0x20002bac</load_address>
         <run_address>0x20002bac</run_address>
         <size>0xc</size>
         <input_file_ref idref="fl-9"/>
      </object_component>
      <object_component id="oc-8c">
         <name>.data</name>
         <load_address>0x20002ba0</load_address>
         <run_address>0x20002ba0</run_address>
         <size>0xc</size>
         <input_file_ref idref="fl-a"/>
      </object_component>
      <object_component id="oc-1c4">
         <name>.data</name>
         <load_address>0x20002b8c</load_address>
         <run_address>0x20002b8c</run_address>
         <size>0x14</size>
         <input_file_ref idref="fl-c"/>
      </object_component>
      <object_component id="oc-ed">
         <name>.bss:pxReadyTasksLists</name>
         <uninitialized>true</uninitialized>
         <run_address>0x20002800</run_address>
         <size>0x64</size>
         <input_file_ref idref="fl-8"/>
      </object_component>
      <object_component id="oc-f6">
         <name>.bss:xDelayedTaskList1</name>
         <uninitialized>true</uninitialized>
         <run_address>0x200028dc</run_address>
         <size>0x14</size>
         <input_file_ref idref="fl-8"/>
      </object_component>
      <object_component id="oc-f9">
         <name>.bss:xDelayedTaskList2</name>
         <uninitialized>true</uninitialized>
         <run_address>0x200028f0</run_address>
         <size>0x14</size>
         <input_file_ref idref="fl-8"/>
      </object_component>
      <object_component id="oc-ea">
         <name>.bss</name>
         <uninitialized>true</uninitialized>
         <run_address>0x20002940</run_address>
         <size>0x8</size>
         <input_file_ref idref="fl-8"/>
      </object_component>
      <object_component id="oc-e7">
         <name>.bss:xPendingReadyList</name>
         <uninitialized>true</uninitialized>
         <run_address>0x20002904</run_address>
         <size>0x14</size>
         <input_file_ref idref="fl-8"/>
      </object_component>
      <object_component id="oc-fc">
         <name>.bss:xTasksWaitingTermination</name>
         <uninitialized>true</uninitialized>
         <run_address>0x2000292c</run_address>
         <size>0x14</size>
         <input_file_ref idref="fl-8"/>
      </object_component>
      <object_component id="oc-e4">
         <name>.bss:xSuspendedTaskList</name>
         <uninitialized>true</uninitialized>
         <run_address>0x20002918</run_address>
         <size>0x14</size>
         <input_file_ref idref="fl-8"/>
      </object_component>
      <object_component id="oc-1de">
         <name>.bss:xActiveTimerList1</name>
         <uninitialized>true</uninitialized>
         <run_address>0x200028b4</run_address>
         <size>0x14</size>
         <input_file_ref idref="fl-9"/>
      </object_component>
      <object_component id="oc-1e1">
         <name>.bss:xActiveTimerList2</name>
         <uninitialized>true</uninitialized>
         <run_address>0x200028c8</run_address>
         <size>0x14</size>
         <input_file_ref idref="fl-9"/>
      </object_component>
      <object_component id="oc-1e4">
         <name>.bss</name>
         <uninitialized>true</uninitialized>
         <run_address>0x20002948</run_address>
         <size>0x8</size>
         <input_file_ref idref="fl-9"/>
      </object_component>
      <object_component id="oc-1ca">
         <name>.bss:ucHeap</name>
         <uninitialized>true</uninitialized>
         <run_address>0x20000000</run_address>
         <size>0x2800</size>
         <input_file_ref idref="fl-c"/>
      </object_component>
      <object_component id="oc-1c7">
         <name>.bss:xStart</name>
         <uninitialized>true</uninitialized>
         <run_address>0x20002950</run_address>
         <size>0x8</size>
         <input_file_ref idref="fl-c"/>
      </object_component>
      <object_component id="oc-23d">
         <name>.common:xQueueRegistry</name>
         <uninitialized>true</uninitialized>
         <run_address>0x20002864</run_address>
         <size>0x50</size>
      </object_component>
      <object_component id="oc-24">
         <name>.stack</name>
         <uninitialized>true</uninitialized>
         <run_address>0x20002958</run_address>
         <size>0x4</size>
         <input_file_ref idref="fl-d0"/>
      </object_component>
      <object_component id="oc-2d2">
         <name>.stack</name>
         <uninitialized>true</uninitialized>
         <run_address>0x20002958</run_address>
         <size>0x0</size>
      </object_component>
      <object_component id="oc-12e">
         <name>.debug_info</name>
         <load_address>0x0</load_address>
         <run_address>0x0</run_address>
         <size>0x5a8</size>
         <input_file_ref idref="fl-1"/>
      </object_component>
      <object_component id="oc-88">
         <name>.debug_info</name>
         <load_address>0x5a8</load_address>
         <run_address>0x5a8</run_address>
         <size>0x38d</size>
         <input_file_ref idref="fl-1"/>
      </object_component>
      <object_component id="oc-13d">
         <name>.debug_info</name>
         <load_address>0x935</load_address>
         <run_address>0x935</run_address>
         <size>0x315</size>
         <input_file_ref idref="fl-1"/>
      </object_component>
      <object_component id="oc-a2">
         <name>.debug_info</name>
         <load_address>0xc4a</load_address>
         <run_address>0xc4a</run_address>
         <size>0x26b</size>
         <input_file_ref idref="fl-1"/>
      </object_component>
      <object_component id="oc-147">
         <name>.debug_info</name>
         <load_address>0xeb5</load_address>
         <run_address>0xeb5</run_address>
         <size>0x3f8</size>
         <input_file_ref idref="fl-1"/>
      </object_component>
      <object_component id="oc-12f">
         <name>.debug_info</name>
         <load_address>0x12ad</load_address>
         <run_address>0x12ad</run_address>
         <size>0x8b</size>
         <input_file_ref idref="fl-1"/>
      </object_component>
      <object_component id="oc-91">
         <name>.debug_info</name>
         <load_address>0x1338</load_address>
         <run_address>0x1338</run_address>
         <size>0x2c</size>
         <input_file_ref idref="fl-1"/>
      </object_component>
      <object_component id="oc-14c">
         <name>.debug_info</name>
         <load_address>0x1364</load_address>
         <run_address>0x1364</run_address>
         <size>0x2a4</size>
         <input_file_ref idref="fl-1"/>
      </object_component>
      <object_component id="oc-259">
         <name>.debug_info</name>
         <load_address>0x1608</load_address>
         <run_address>0x1608</run_address>
         <size>0xef</size>
         <input_file_ref idref="fl-1"/>
      </object_component>
      <object_component id="oc-9b">
         <name>.debug_info</name>
         <load_address>0x16f7</load_address>
         <run_address>0x16f7</run_address>
         <size>0xbb</size>
         <input_file_ref idref="fl-1"/>
      </object_component>
      <object_component id="oc-138">
         <name>.debug_info</name>
         <load_address>0x17b2</load_address>
         <run_address>0x17b2</run_address>
         <size>0x53</size>
         <input_file_ref idref="fl-1"/>
      </object_component>
      <object_component id="oc-96">
         <name>.debug_info</name>
         <load_address>0x1805</load_address>
         <run_address>0x1805</run_address>
         <size>0x53</size>
         <input_file_ref idref="fl-1"/>
      </object_component>
      <object_component id="oc-142">
         <name>.debug_info</name>
         <load_address>0x1858</load_address>
         <run_address>0x1858</run_address>
         <size>0x14c</size>
         <input_file_ref idref="fl-1"/>
      </object_component>
      <object_component id="oc-3a">
         <name>.debug_info</name>
         <load_address>0x19a4</load_address>
         <run_address>0x19a4</run_address>
         <size>0x335</size>
         <input_file_ref idref="fl-2"/>
      </object_component>
      <object_component id="oc-13">
         <name>.debug_info</name>
         <load_address>0x1cd9</load_address>
         <run_address>0x1cd9</run_address>
         <size>0xf4</size>
         <input_file_ref idref="fl-2"/>
      </object_component>
      <object_component id="oc-2b">
         <name>.debug_info</name>
         <load_address>0x1dcd</load_address>
         <run_address>0x1dcd</run_address>
         <size>0x270</size>
         <input_file_ref idref="fl-2"/>
      </object_component>
      <object_component id="oc-41">
         <name>.debug_info</name>
         <load_address>0x203d</load_address>
         <run_address>0x203d</run_address>
         <size>0x84</size>
         <input_file_ref idref="fl-2"/>
      </object_component>
      <object_component id="oc-226">
         <name>.debug_info</name>
         <load_address>0x20c1</load_address>
         <run_address>0x20c1</run_address>
         <size>0x6f8</size>
         <input_file_ref idref="fl-4"/>
      </object_component>
      <object_component id="oc-1a6">
         <name>.debug_info</name>
         <load_address>0x27b9</load_address>
         <run_address>0x27b9</run_address>
         <size>0x110</size>
         <input_file_ref idref="fl-4"/>
      </object_component>
      <object_component id="oc-1b5">
         <name>.debug_info</name>
         <load_address>0x28c9</load_address>
         <run_address>0x28c9</run_address>
         <size>0x3f8</size>
         <input_file_ref idref="fl-4"/>
      </object_component>
      <object_component id="oc-284">
         <name>.debug_info</name>
         <load_address>0x2cc1</load_address>
         <run_address>0x2cc1</run_address>
         <size>0x62</size>
         <input_file_ref idref="fl-4"/>
      </object_component>
      <object_component id="oc-289">
         <name>.debug_info</name>
         <load_address>0x2d23</load_address>
         <run_address>0x2d23</run_address>
         <size>0x39</size>
         <input_file_ref idref="fl-4"/>
      </object_component>
      <object_component id="oc-238">
         <name>.debug_info</name>
         <load_address>0x2d5c</load_address>
         <run_address>0x2d5c</run_address>
         <size>0x109</size>
         <input_file_ref idref="fl-4"/>
      </object_component>
      <object_component id="oc-1a1">
         <name>.debug_info</name>
         <load_address>0x2e65</load_address>
         <run_address>0x2e65</run_address>
         <size>0x4f</size>
         <input_file_ref idref="fl-4"/>
      </object_component>
      <object_component id="oc-1bb">
         <name>.debug_info</name>
         <load_address>0x2eb4</load_address>
         <run_address>0x2eb4</run_address>
         <size>0x394</size>
         <input_file_ref idref="fl-5"/>
      </object_component>
      <object_component id="oc-df">
         <name>.debug_info</name>
         <load_address>0x3248</load_address>
         <run_address>0x3248</run_address>
         <size>0x4a5</size>
         <input_file_ref idref="fl-5"/>
      </object_component>
      <object_component id="oc-227">
         <name>.debug_info</name>
         <load_address>0x36ed</load_address>
         <run_address>0x36ed</run_address>
         <size>0x9ad</size>
         <input_file_ref idref="fl-6"/>
      </object_component>
      <object_component id="oc-1d9">
         <name>.debug_info</name>
         <load_address>0x409a</load_address>
         <run_address>0x409a</run_address>
         <size>0x327f</size>
         <input_file_ref idref="fl-6"/>
      </object_component>
      <object_component id="oc-290">
         <name>.debug_info</name>
         <load_address>0x7319</load_address>
         <run_address>0x7319</run_address>
         <size>0x217</size>
         <input_file_ref idref="fl-6"/>
      </object_component>
      <object_component id="oc-23f">
         <name>.debug_info</name>
         <load_address>0x7530</load_address>
         <run_address>0x7530</run_address>
         <size>0x46</size>
         <input_file_ref idref="fl-6"/>
      </object_component>
      <object_component id="oc-1ab">
         <name>.debug_info</name>
         <load_address>0x7576</load_address>
         <run_address>0x7576</run_address>
         <size>0x35</size>
         <input_file_ref idref="fl-6"/>
      </object_component>
      <object_component id="oc-158">
         <name>.debug_info</name>
         <load_address>0x75ab</load_address>
         <run_address>0x75ab</run_address>
         <size>0x2c</size>
         <input_file_ref idref="fl-7"/>
      </object_component>
      <object_component id="oc-d6">
         <name>.debug_info</name>
         <load_address>0x75d7</load_address>
         <run_address>0x75d7</run_address>
         <size>0x872</size>
         <input_file_ref idref="fl-8"/>
      </object_component>
      <object_component id="oc-7a">
         <name>.debug_info</name>
         <load_address>0x7e49</load_address>
         <run_address>0x7e49</run_address>
         <size>0x34b</size>
         <input_file_ref idref="fl-8"/>
      </object_component>
      <object_component id="oc-ee">
         <name>.debug_info</name>
         <load_address>0x8194</load_address>
         <run_address>0x8194</run_address>
         <size>0xf4</size>
         <input_file_ref idref="fl-8"/>
      </object_component>
      <object_component id="oc-f7">
         <name>.debug_info</name>
         <load_address>0x8288</load_address>
         <run_address>0x8288</run_address>
         <size>0xf4</size>
         <input_file_ref idref="fl-8"/>
      </object_component>
      <object_component id="oc-fa">
         <name>.debug_info</name>
         <load_address>0x837c</load_address>
         <run_address>0x837c</run_address>
         <size>0xf4</size>
         <input_file_ref idref="fl-8"/>
      </object_component>
      <object_component id="oc-eb">
         <name>.debug_info</name>
         <load_address>0x8470</load_address>
         <run_address>0x8470</run_address>
         <size>0x137</size>
         <input_file_ref idref="fl-8"/>
      </object_component>
      <object_component id="oc-e8">
         <name>.debug_info</name>
         <load_address>0x85a7</load_address>
         <run_address>0x85a7</run_address>
         <size>0xf4</size>
         <input_file_ref idref="fl-8"/>
      </object_component>
      <object_component id="oc-fd">
         <name>.debug_info</name>
         <load_address>0x869b</load_address>
         <run_address>0x869b</run_address>
         <size>0x102</size>
         <input_file_ref idref="fl-8"/>
      </object_component>
      <object_component id="oc-e5">
         <name>.debug_info</name>
         <load_address>0x879d</load_address>
         <run_address>0x879d</run_address>
         <size>0xf6</size>
         <input_file_ref idref="fl-8"/>
      </object_component>
      <object_component id="oc-106">
         <name>.debug_info</name>
         <load_address>0x8893</load_address>
         <run_address>0x8893</run_address>
         <size>0xf5</size>
         <input_file_ref idref="fl-8"/>
      </object_component>
      <object_component id="oc-82">
         <name>.debug_info</name>
         <load_address>0x8988</load_address>
         <run_address>0x8988</run_address>
         <size>0x486c</size>
         <input_file_ref idref="fl-8"/>
      </object_component>
      <object_component id="oc-d7">
         <name>.debug_info</name>
         <load_address>0xd1f4</load_address>
         <run_address>0xd1f4</run_address>
         <size>0x30c</size>
         <input_file_ref idref="fl-8"/>
      </object_component>
      <object_component id="oc-1b0">
         <name>.debug_info</name>
         <load_address>0xd500</load_address>
         <run_address>0xd500</run_address>
         <size>0x130</size>
         <input_file_ref idref="fl-8"/>
      </object_component>
      <object_component id="oc-1ed">
         <name>.debug_info</name>
         <load_address>0xd630</load_address>
         <run_address>0xd630</run_address>
         <size>0x8a4</size>
         <input_file_ref idref="fl-9"/>
      </object_component>
      <object_component id="oc-1df">
         <name>.debug_info</name>
         <load_address>0xded4</load_address>
         <run_address>0xded4</run_address>
         <size>0xf4</size>
         <input_file_ref idref="fl-9"/>
      </object_component>
      <object_component id="oc-1e2">
         <name>.debug_info</name>
         <load_address>0xdfc8</load_address>
         <run_address>0xdfc8</run_address>
         <size>0xf4</size>
         <input_file_ref idref="fl-9"/>
      </object_component>
      <object_component id="oc-1e5">
         <name>.debug_info</name>
         <load_address>0xe0bc</load_address>
         <run_address>0xe0bc</run_address>
         <size>0x12c</size>
         <input_file_ref idref="fl-9"/>
      </object_component>
      <object_component id="oc-1dc">
         <name>.debug_info</name>
         <load_address>0xe1e8</load_address>
         <run_address>0xe1e8</run_address>
         <size>0x118</size>
         <input_file_ref idref="fl-9"/>
      </object_component>
      <object_component id="oc-102">
         <name>.debug_info</name>
         <load_address>0xe300</load_address>
         <run_address>0xe300</run_address>
         <size>0x1d76</size>
         <input_file_ref idref="fl-9"/>
      </object_component>
      <object_component id="oc-1ee">
         <name>.debug_info</name>
         <load_address>0x10076</load_address>
         <run_address>0x10076</run_address>
         <size>0x1ba</size>
         <input_file_ref idref="fl-9"/>
      </object_component>
      <object_component id="oc-246">
         <name>.debug_info</name>
         <load_address>0x10230</load_address>
         <run_address>0x10230</run_address>
         <size>0x4f</size>
         <input_file_ref idref="fl-9"/>
      </object_component>
      <object_component id="oc-1e8">
         <name>.debug_info</name>
         <load_address>0x1027f</load_address>
         <run_address>0x1027f</run_address>
         <size>0x46</size>
         <input_file_ref idref="fl-9"/>
      </object_component>
      <object_component id="oc-90">
         <name>.debug_info</name>
         <load_address>0x102c5</load_address>
         <run_address>0x102c5</run_address>
         <size>0x4ec</size>
         <input_file_ref idref="fl-a"/>
      </object_component>
      <object_component id="oc-7d">
         <name>.debug_info</name>
         <load_address>0x107b1</load_address>
         <run_address>0x107b1</run_address>
         <size>0x169</size>
         <input_file_ref idref="fl-a"/>
      </object_component>
      <object_component id="oc-8d">
         <name>.debug_info</name>
         <load_address>0x1091a</load_address>
         <run_address>0x1091a</run_address>
         <size>0x174</size>
         <input_file_ref idref="fl-a"/>
      </object_component>
      <object_component id="oc-33">
         <name>.debug_info</name>
         <load_address>0x10a8e</load_address>
         <run_address>0x10a8e</run_address>
         <size>0x8c0</size>
         <input_file_ref idref="fl-a"/>
      </object_component>
      <object_component id="oc-2e">
         <name>.debug_info</name>
         <load_address>0x1134e</load_address>
         <run_address>0x1134e</run_address>
         <size>0x256</size>
         <input_file_ref idref="fl-b"/>
      </object_component>
      <object_component id="oc-1ce">
         <name>.debug_info</name>
         <load_address>0x115a4</load_address>
         <run_address>0x115a4</run_address>
         <size>0x507</size>
         <input_file_ref idref="fl-c"/>
      </object_component>
      <object_component id="oc-1cb">
         <name>.debug_info</name>
         <load_address>0x11aab</load_address>
         <run_address>0x11aab</run_address>
         <size>0xef</size>
         <input_file_ref idref="fl-c"/>
      </object_component>
      <object_component id="oc-1c8">
         <name>.debug_info</name>
         <load_address>0x11b9a</load_address>
         <run_address>0x11b9a</run_address>
         <size>0xef</size>
         <input_file_ref idref="fl-c"/>
      </object_component>
      <object_component id="oc-1c5">
         <name>.debug_info</name>
         <load_address>0x11c89</load_address>
         <run_address>0x11c89</run_address>
         <size>0x1fb</size>
         <input_file_ref idref="fl-c"/>
      </object_component>
      <object_component id="oc-f3">
         <name>.debug_info</name>
         <load_address>0x11e84</load_address>
         <run_address>0x11e84</run_address>
         <size>0xa6b</size>
         <input_file_ref idref="fl-c"/>
      </object_component>
      <object_component id="oc-22f">
         <name>.debug_info</name>
         <load_address>0x128ef</load_address>
         <run_address>0x128ef</run_address>
         <size>0x62</size>
         <input_file_ref idref="fl-c"/>
      </object_component>
      <object_component id="oc-201">
         <name>.debug_info</name>
         <load_address>0x12951</load_address>
         <run_address>0x12951</run_address>
         <size>0x395</size>
         <input_file_ref idref="fl-12"/>
      </object_component>
      <object_component id="oc-128">
         <name>.debug_info</name>
         <load_address>0x12ce6</load_address>
         <run_address>0x12ce6</run_address>
         <size>0x20f</size>
         <input_file_ref idref="fl-12"/>
      </object_component>
      <object_component id="oc-1fb">
         <name>.debug_info</name>
         <load_address>0x12ef5</load_address>
         <run_address>0x12ef5</run_address>
         <size>0x21f</size>
         <input_file_ref idref="fl-12"/>
      </object_component>
      <object_component id="oc-122">
         <name>.debug_info</name>
         <load_address>0x13114</load_address>
         <run_address>0x13114</run_address>
         <size>0x282</size>
         <input_file_ref idref="fl-12"/>
      </object_component>
      <object_component id="oc-11c">
         <name>.debug_info</name>
         <load_address>0x13396</load_address>
         <run_address>0x13396</run_address>
         <size>0x223</size>
         <input_file_ref idref="fl-12"/>
      </object_component>
      <object_component id="oc-1f7">
         <name>.debug_info</name>
         <load_address>0x135b9</load_address>
         <run_address>0x135b9</run_address>
         <size>0x3f2</size>
         <input_file_ref idref="fl-14"/>
      </object_component>
      <object_component id="oc-116">
         <name>.debug_info</name>
         <load_address>0x139ab</load_address>
         <run_address>0x139ab</run_address>
         <size>0x1eb</size>
         <input_file_ref idref="fl-14"/>
      </object_component>
      <object_component id="oc-110">
         <name>.debug_info</name>
         <load_address>0x13b96</load_address>
         <run_address>0x13b96</run_address>
         <size>0x1e9</size>
         <input_file_ref idref="fl-14"/>
      </object_component>
      <object_component id="oc-10d">
         <name>.debug_info</name>
         <load_address>0x13d7f</load_address>
         <run_address>0x13d7f</run_address>
         <size>0x247</size>
         <input_file_ref idref="fl-14"/>
      </object_component>
      <object_component id="oc-255">
         <name>.debug_info</name>
         <load_address>0x13fc6</load_address>
         <run_address>0x13fc6</run_address>
         <size>0x51</size>
         <input_file_ref idref="fl-14"/>
      </object_component>
      <object_component id="oc-48">
         <name>.debug_info</name>
         <load_address>0x14017</load_address>
         <run_address>0x14017</run_address>
         <size>0x119</size>
         <input_file_ref idref="fl-cb"/>
      </object_component>
      <object_component id="oc-bd">
         <name>.debug_info</name>
         <load_address>0x14130</load_address>
         <run_address>0x14130</run_address>
         <size>0x147</size>
         <input_file_ref idref="fl-cc"/>
      </object_component>
      <object_component id="oc-bb">
         <name>.debug_info</name>
         <load_address>0x14277</load_address>
         <run_address>0x14277</run_address>
         <size>0x2d4</size>
         <input_file_ref idref="fl-cd"/>
      </object_component>
      <object_component id="oc-5c">
         <name>.debug_info</name>
         <load_address>0x1454b</load_address>
         <run_address>0x1454b</run_address>
         <size>0x1b5</size>
         <input_file_ref idref="fl-cd"/>
      </object_component>
      <object_component id="oc-b6">
         <name>.debug_info</name>
         <load_address>0x14700</load_address>
         <run_address>0x14700</run_address>
         <size>0x46</size>
         <input_file_ref idref="fl-cd"/>
      </object_component>
      <object_component id="oc-51">
         <name>.debug_info</name>
         <load_address>0x14746</load_address>
         <run_address>0x14746</run_address>
         <size>0x2a8</size>
         <input_file_ref idref="fl-ce"/>
      </object_component>
      <object_component id="oc-1c">
         <name>.debug_info</name>
         <load_address>0x149ee</load_address>
         <run_address>0x149ee</run_address>
         <size>0x1ea</size>
         <input_file_ref idref="fl-ce"/>
      </object_component>
      <object_component id="oc-4c">
         <name>.debug_info</name>
         <load_address>0x14bd8</load_address>
         <run_address>0x14bd8</run_address>
         <size>0x46</size>
         <input_file_ref idref="fl-ce"/>
      </object_component>
      <object_component id="oc-ae">
         <name>.debug_info</name>
         <load_address>0x14c1e</load_address>
         <run_address>0x14c1e</run_address>
         <size>0x2c</size>
         <input_file_ref idref="fl-ce"/>
      </object_component>
      <object_component id="oc-ac">
         <name>.debug_info</name>
         <load_address>0x14c4a</load_address>
         <run_address>0x14c4a</run_address>
         <size>0x29e</size>
         <input_file_ref idref="fl-cf"/>
      </object_component>
      <object_component id="oc-17">
         <name>.debug_info</name>
         <load_address>0x14ee8</load_address>
         <run_address>0x14ee8</run_address>
         <size>0x250</size>
         <input_file_ref idref="fl-cf"/>
      </object_component>
      <object_component id="oc-3c">
         <name>.debug_info</name>
         <load_address>0x15138</load_address>
         <run_address>0x15138</run_address>
         <size>0x60</size>
         <input_file_ref idref="fl-cf"/>
      </object_component>
      <object_component id="oc-151">
         <name>.debug_info</name>
         <load_address>0x15198</load_address>
         <run_address>0x15198</run_address>
         <size>0x46</size>
         <input_file_ref idref="fl-cf"/>
      </object_component>
      <object_component id="oc-a7">
         <name>.debug_info</name>
         <load_address>0x151de</load_address>
         <run_address>0x151de</run_address>
         <size>0x39</size>
         <input_file_ref idref="fl-cf"/>
      </object_component>
      <object_component id="oc-25">
         <name>.debug_info</name>
         <load_address>0x15217</load_address>
         <run_address>0x15217</run_address>
         <size>0x10b</size>
         <input_file_ref idref="fl-d0"/>
      </object_component>
      <object_component id="oc-65">
         <name>.debug_info</name>
         <load_address>0x15322</load_address>
         <run_address>0x15322</run_address>
         <size>0x1a9</size>
         <input_file_ref idref="fl-d0"/>
      </object_component>
      <object_component id="oc-211">
         <name>.debug_info</name>
         <load_address>0x154cb</load_address>
         <run_address>0x154cb</run_address>
         <size>0x4b3</size>
         <input_file_ref idref="fl-d1"/>
      </object_component>
      <object_component id="oc-171">
         <name>.debug_info</name>
         <load_address>0x1597e</load_address>
         <run_address>0x1597e</run_address>
         <size>0x1a6</size>
         <input_file_ref idref="fl-d1"/>
      </object_component>
      <object_component id="oc-271">
         <name>.debug_info</name>
         <load_address>0x15b24</load_address>
         <run_address>0x15b24</run_address>
         <size>0x39</size>
         <input_file_ref idref="fl-d1"/>
      </object_component>
      <object_component id="oc-298">
         <name>.debug_info</name>
         <load_address>0x15b5d</load_address>
         <run_address>0x15b5d</run_address>
         <size>0x39</size>
         <input_file_ref idref="fl-d1"/>
      </object_component>
      <object_component id="oc-276">
         <name>.debug_info</name>
         <load_address>0x15b96</load_address>
         <run_address>0x15b96</run_address>
         <size>0x39</size>
         <input_file_ref idref="fl-d1"/>
      </object_component>
      <object_component id="oc-27b">
         <name>.debug_info</name>
         <load_address>0x15bcf</load_address>
         <run_address>0x15bcf</run_address>
         <size>0xcd</size>
         <input_file_ref idref="fl-d1"/>
      </object_component>
      <object_component id="oc-c4">
         <name>.debug_info</name>
         <load_address>0x15c9c</load_address>
         <run_address>0x15c9c</run_address>
         <size>0x153</size>
         <input_file_ref idref="fl-d2"/>
      </object_component>
      <object_component id="oc-162">
         <name>.debug_info</name>
         <load_address>0x15def</load_address>
         <run_address>0x15def</run_address>
         <size>0x122</size>
         <input_file_ref idref="fl-d4"/>
      </object_component>
      <object_component id="oc-2d3">
         <name>.debug_info</name>
         <load_address>0x15f11</load_address>
         <run_address>0x15f11</run_address>
         <size>0xa7</size>
      </object_component>
      <object_component id="oc-205">
         <name>.debug_line</name>
         <load_address>0x0</load_address>
         <run_address>0x0</run_address>
         <size>0x102</size>
         <input_file_ref idref="fl-1"/>
      </object_component>
      <object_component id="oc-8a">
         <name>.debug_line</name>
         <load_address>0x102</load_address>
         <run_address>0x102</run_address>
         <size>0xc8</size>
         <input_file_ref idref="fl-1"/>
      </object_component>
      <object_component id="oc-140">
         <name>.debug_line</name>
         <load_address>0x1ca</load_address>
         <run_address>0x1ca</run_address>
         <size>0x6a</size>
         <input_file_ref idref="fl-1"/>
      </object_component>
      <object_component id="oc-a5">
         <name>.debug_line</name>
         <load_address>0x234</load_address>
         <run_address>0x234</run_address>
         <size>0x7a</size>
         <input_file_ref idref="fl-1"/>
      </object_component>
      <object_component id="oc-14a">
         <name>.debug_line</name>
         <load_address>0x2ae</load_address>
         <run_address>0x2ae</run_address>
         <size>0x6e</size>
         <input_file_ref idref="fl-1"/>
      </object_component>
      <object_component id="oc-132">
         <name>.debug_line</name>
         <load_address>0x31c</load_address>
         <run_address>0x31c</run_address>
         <size>0x20</size>
         <input_file_ref idref="fl-1"/>
      </object_component>
      <object_component id="oc-94">
         <name>.debug_line</name>
         <load_address>0x33c</load_address>
         <run_address>0x33c</run_address>
         <size>0x6e</size>
         <input_file_ref idref="fl-1"/>
      </object_component>
      <object_component id="oc-14f">
         <name>.debug_line</name>
         <load_address>0x3aa</load_address>
         <run_address>0x3aa</run_address>
         <size>0x7e</size>
         <input_file_ref idref="fl-1"/>
      </object_component>
      <object_component id="oc-25c">
         <name>.debug_line</name>
         <load_address>0x428</load_address>
         <run_address>0x428</run_address>
         <size>0x7a</size>
         <input_file_ref idref="fl-1"/>
      </object_component>
      <object_component id="oc-9e">
         <name>.debug_line</name>
         <load_address>0x4a2</load_address>
         <run_address>0x4a2</run_address>
         <size>0x7b</size>
         <input_file_ref idref="fl-1"/>
      </object_component>
      <object_component id="oc-13b">
         <name>.debug_line</name>
         <load_address>0x51d</load_address>
         <run_address>0x51d</run_address>
         <size>0x76</size>
         <input_file_ref idref="fl-1"/>
      </object_component>
      <object_component id="oc-99">
         <name>.debug_line</name>
         <load_address>0x593</load_address>
         <run_address>0x593</run_address>
         <size>0x7d</size>
         <input_file_ref idref="fl-1"/>
      </object_component>
      <object_component id="oc-145">
         <name>.debug_line</name>
         <load_address>0x610</load_address>
         <run_address>0x610</run_address>
         <size>0x6a</size>
         <input_file_ref idref="fl-1"/>
      </object_component>
      <object_component id="oc-a1">
         <name>.debug_line</name>
         <load_address>0x67a</load_address>
         <run_address>0x67a</run_address>
         <size>0x41</size>
         <input_file_ref idref="fl-2"/>
      </object_component>
      <object_component id="oc-39">
         <name>.debug_line</name>
         <load_address>0x6bb</load_address>
         <run_address>0x6bb</run_address>
         <size>0x41</size>
         <input_file_ref idref="fl-2"/>
      </object_component>
      <object_component id="oc-28">
         <name>.debug_line</name>
         <load_address>0x6fc</load_address>
         <run_address>0x6fc</run_address>
         <size>0x9b</size>
         <input_file_ref idref="fl-2"/>
      </object_component>
      <object_component id="oc-44">
         <name>.debug_line</name>
         <load_address>0x797</load_address>
         <run_address>0x797</run_address>
         <size>0x20</size>
         <input_file_ref idref="fl-2"/>
      </object_component>
      <object_component id="oc-283">
         <name>.debug_line</name>
         <load_address>0x7b7</load_address>
         <run_address>0x7b7</run_address>
         <size>0x1a2</size>
         <input_file_ref idref="fl-4"/>
      </object_component>
      <object_component id="oc-1a9">
         <name>.debug_line</name>
         <load_address>0x959</load_address>
         <run_address>0x959</run_address>
         <size>0x76</size>
         <input_file_ref idref="fl-4"/>
      </object_component>
      <object_component id="oc-1b8">
         <name>.debug_line</name>
         <load_address>0x9cf</load_address>
         <run_address>0x9cf</run_address>
         <size>0x6e</size>
         <input_file_ref idref="fl-4"/>
      </object_component>
      <object_component id="oc-287">
         <name>.debug_line</name>
         <load_address>0xa3d</load_address>
         <run_address>0xa3d</run_address>
         <size>0x3e</size>
         <input_file_ref idref="fl-4"/>
      </object_component>
      <object_component id="oc-28c">
         <name>.debug_line</name>
         <load_address>0xa7b</load_address>
         <run_address>0xa7b</run_address>
         <size>0x72</size>
         <input_file_ref idref="fl-4"/>
      </object_component>
      <object_component id="oc-23b">
         <name>.debug_line</name>
         <load_address>0xaed</load_address>
         <run_address>0xaed</run_address>
         <size>0x6e</size>
         <input_file_ref idref="fl-4"/>
      </object_component>
      <object_component id="oc-1a4">
         <name>.debug_line</name>
         <load_address>0xb5b</load_address>
         <run_address>0xb5b</run_address>
         <size>0x6c</size>
         <input_file_ref idref="fl-4"/>
      </object_component>
      <object_component id="oc-22a">
         <name>.debug_line</name>
         <load_address>0xbc7</load_address>
         <run_address>0xbc7</run_address>
         <size>0x20</size>
         <input_file_ref idref="fl-5"/>
      </object_component>
      <object_component id="oc-e2">
         <name>.debug_line</name>
         <load_address>0xbe7</load_address>
         <run_address>0xbe7</run_address>
         <size>0xe5</size>
         <input_file_ref idref="fl-5"/>
      </object_component>
      <object_component id="oc-28f">
         <name>.debug_line</name>
         <load_address>0xccc</load_address>
         <run_address>0xccc</run_address>
         <size>0x1b9</size>
         <input_file_ref idref="fl-6"/>
      </object_component>
      <object_component id="oc-1d6">
         <name>.debug_line</name>
         <load_address>0xe85</load_address>
         <run_address>0xe85</run_address>
         <size>0x9b5</size>
         <input_file_ref idref="fl-6"/>
      </object_component>
      <object_component id="oc-293">
         <name>.debug_line</name>
         <load_address>0x183a</load_address>
         <run_address>0x183a</run_address>
         <size>0x37</size>
         <input_file_ref idref="fl-6"/>
      </object_component>
      <object_component id="oc-242">
         <name>.debug_line</name>
         <load_address>0x1871</load_address>
         <run_address>0x1871</run_address>
         <size>0x6b</size>
         <input_file_ref idref="fl-6"/>
      </object_component>
      <object_component id="oc-1ae">
         <name>.debug_line</name>
         <load_address>0x18dc</load_address>
         <run_address>0x18dc</run_address>
         <size>0x7f</size>
         <input_file_ref idref="fl-6"/>
      </object_component>
      <object_component id="oc-15b">
         <name>.debug_line</name>
         <load_address>0x195b</load_address>
         <run_address>0x195b</run_address>
         <size>0x76</size>
         <input_file_ref idref="fl-7"/>
      </object_component>
      <object_component id="oc-1a0">
         <name>.debug_line</name>
         <load_address>0x19d1</load_address>
         <run_address>0x19d1</run_address>
         <size>0x1fa</size>
         <input_file_ref idref="fl-8"/>
      </object_component>
      <object_component id="oc-d5">
         <name>.debug_line</name>
         <load_address>0x1bcb</load_address>
         <run_address>0x1bcb</run_address>
         <size>0x37</size>
         <input_file_ref idref="fl-8"/>
      </object_component>
      <object_component id="oc-1c3">
         <name>.debug_line</name>
         <load_address>0x1c02</load_address>
         <run_address>0x1c02</run_address>
         <size>0x37</size>
         <input_file_ref idref="fl-8"/>
      </object_component>
      <object_component id="oc-1d0">
         <name>.debug_line</name>
         <load_address>0x1c39</load_address>
         <run_address>0x1c39</run_address>
         <size>0x37</size>
         <input_file_ref idref="fl-8"/>
      </object_component>
      <object_component id="oc-1d2">
         <name>.debug_line</name>
         <load_address>0x1c70</load_address>
         <run_address>0x1c70</run_address>
         <size>0x37</size>
         <input_file_ref idref="fl-8"/>
      </object_component>
      <object_component id="oc-1c1">
         <name>.debug_line</name>
         <load_address>0x1ca7</load_address>
         <run_address>0x1ca7</run_address>
         <size>0x37</size>
         <input_file_ref idref="fl-8"/>
      </object_component>
      <object_component id="oc-1bf">
         <name>.debug_line</name>
         <load_address>0x1cde</load_address>
         <run_address>0x1cde</run_address>
         <size>0x37</size>
         <input_file_ref idref="fl-8"/>
      </object_component>
      <object_component id="oc-1d4">
         <name>.debug_line</name>
         <load_address>0x1d15</load_address>
         <run_address>0x1d15</run_address>
         <size>0x37</size>
         <input_file_ref idref="fl-8"/>
      </object_component>
      <object_component id="oc-1bd">
         <name>.debug_line</name>
         <load_address>0x1d4c</load_address>
         <run_address>0x1d4c</run_address>
         <size>0x37</size>
         <input_file_ref idref="fl-8"/>
      </object_component>
      <object_component id="oc-1f4">
         <name>.debug_line</name>
         <load_address>0x1d83</load_address>
         <run_address>0x1d83</run_address>
         <size>0x37</size>
         <input_file_ref idref="fl-8"/>
      </object_component>
      <object_component id="oc-84">
         <name>.debug_line</name>
         <load_address>0x1dba</load_address>
         <run_address>0x1dba</run_address>
         <size>0xdb9</size>
         <input_file_ref idref="fl-8"/>
      </object_component>
      <object_component id="oc-da">
         <name>.debug_line</name>
         <load_address>0x2b73</load_address>
         <run_address>0x2b73</run_address>
         <size>0x6a</size>
         <input_file_ref idref="fl-8"/>
      </object_component>
      <object_component id="oc-1b3">
         <name>.debug_line</name>
         <load_address>0x2bdd</load_address>
         <run_address>0x2bdd</run_address>
         <size>0x37</size>
         <input_file_ref idref="fl-8"/>
      </object_component>
      <object_component id="oc-252">
         <name>.debug_line</name>
         <load_address>0x2c14</load_address>
         <run_address>0x2c14</run_address>
         <size>0x1ed</size>
         <input_file_ref idref="fl-9"/>
      </object_component>
      <object_component id="oc-24c">
         <name>.debug_line</name>
         <load_address>0x2e01</load_address>
         <run_address>0x2e01</run_address>
         <size>0x38</size>
         <input_file_ref idref="fl-9"/>
      </object_component>
      <object_component id="oc-24e">
         <name>.debug_line</name>
         <load_address>0x2e39</load_address>
         <run_address>0x2e39</run_address>
         <size>0x38</size>
         <input_file_ref idref="fl-9"/>
      </object_component>
      <object_component id="oc-250">
         <name>.debug_line</name>
         <load_address>0x2e71</load_address>
         <run_address>0x2e71</run_address>
         <size>0x38</size>
         <input_file_ref idref="fl-9"/>
      </object_component>
      <object_component id="oc-245">
         <name>.debug_line</name>
         <load_address>0x2ea9</load_address>
         <run_address>0x2ea9</run_address>
         <size>0x38</size>
         <input_file_ref idref="fl-9"/>
      </object_component>
      <object_component id="oc-104">
         <name>.debug_line</name>
         <load_address>0x2ee1</load_address>
         <run_address>0x2ee1</run_address>
         <size>0x472</size>
         <input_file_ref idref="fl-9"/>
      </object_component>
      <object_component id="oc-1f1">
         <name>.debug_line</name>
         <load_address>0x3353</load_address>
         <run_address>0x3353</run_address>
         <size>0x38</size>
         <input_file_ref idref="fl-9"/>
      </object_component>
      <object_component id="oc-249">
         <name>.debug_line</name>
         <load_address>0x338b</load_address>
         <run_address>0x338b</run_address>
         <size>0x6b</size>
         <input_file_ref idref="fl-9"/>
      </object_component>
      <object_component id="oc-1eb">
         <name>.debug_line</name>
         <load_address>0x33f6</load_address>
         <run_address>0x33f6</run_address>
         <size>0x6c</size>
         <input_file_ref idref="fl-9"/>
      </object_component>
      <object_component id="oc-137">
         <name>.debug_line</name>
         <load_address>0x3462</load_address>
         <run_address>0x3462</run_address>
         <size>0xd9</size>
         <input_file_ref idref="fl-a"/>
      </object_component>
      <object_component id="oc-dd">
         <name>.debug_line</name>
         <load_address>0x353b</load_address>
         <run_address>0x353b</run_address>
         <size>0x4c</size>
         <input_file_ref idref="fl-a"/>
      </object_component>
      <object_component id="oc-135">
         <name>.debug_line</name>
         <load_address>0x3587</load_address>
         <run_address>0x3587</run_address>
         <size>0x4c</size>
         <input_file_ref idref="fl-a"/>
      </object_component>
      <object_component id="oc-36">
         <name>.debug_line</name>
         <load_address>0x35d3</load_address>
         <run_address>0x35d3</run_address>
         <size>0x1ad</size>
         <input_file_ref idref="fl-a"/>
      </object_component>
      <object_component id="oc-31">
         <name>.debug_line</name>
         <load_address>0x3780</load_address>
         <run_address>0x3780</run_address>
         <size>0xe1</size>
         <input_file_ref idref="fl-b"/>
      </object_component>
      <object_component id="oc-237">
         <name>.debug_line</name>
         <load_address>0x3861</load_address>
         <run_address>0x3861</run_address>
         <size>0x160</size>
         <input_file_ref idref="fl-c"/>
      </object_component>
      <object_component id="oc-235">
         <name>.debug_line</name>
         <load_address>0x39c1</load_address>
         <run_address>0x39c1</run_address>
         <size>0x49</size>
         <input_file_ref idref="fl-c"/>
      </object_component>
      <object_component id="oc-22e">
         <name>.debug_line</name>
         <load_address>0x3a0a</load_address>
         <run_address>0x3a0a</run_address>
         <size>0x49</size>
         <input_file_ref idref="fl-c"/>
      </object_component>
      <object_component id="oc-22c">
         <name>.debug_line</name>
         <load_address>0x3a53</load_address>
         <run_address>0x3a53</run_address>
         <size>0x49</size>
         <input_file_ref idref="fl-c"/>
      </object_component>
      <object_component id="oc-f5">
         <name>.debug_line</name>
         <load_address>0x3a9c</load_address>
         <run_address>0x3a9c</run_address>
         <size>0x290</size>
         <input_file_ref idref="fl-c"/>
      </object_component>
      <object_component id="oc-232">
         <name>.debug_line</name>
         <load_address>0x3d2c</load_address>
         <run_address>0x3d2c</run_address>
         <size>0x49</size>
         <input_file_ref idref="fl-c"/>
      </object_component>
      <object_component id="oc-260">
         <name>.debug_line</name>
         <load_address>0x3d75</load_address>
         <run_address>0x3d75</run_address>
         <size>0x5b</size>
         <input_file_ref idref="fl-12"/>
      </object_component>
      <object_component id="oc-12b">
         <name>.debug_line</name>
         <load_address>0x3dd0</load_address>
         <run_address>0x3dd0</run_address>
         <size>0x6b</size>
         <input_file_ref idref="fl-12"/>
      </object_component>
      <object_component id="oc-1fe">
         <name>.debug_line</name>
         <load_address>0x3e3b</load_address>
         <run_address>0x3e3b</run_address>
         <size>0x6e</size>
         <input_file_ref idref="fl-12"/>
      </object_component>
      <object_component id="oc-125">
         <name>.debug_line</name>
         <load_address>0x3ea9</load_address>
         <run_address>0x3ea9</run_address>
         <size>0x9d</size>
         <input_file_ref idref="fl-12"/>
      </object_component>
      <object_component id="oc-11f">
         <name>.debug_line</name>
         <load_address>0x3f46</load_address>
         <run_address>0x3f46</run_address>
         <size>0x72</size>
         <input_file_ref idref="fl-12"/>
      </object_component>
      <object_component id="oc-254">
         <name>.debug_line</name>
         <load_address>0x3fb8</load_address>
         <run_address>0x3fb8</run_address>
         <size>0xc8</size>
         <input_file_ref idref="fl-14"/>
      </object_component>
      <object_component id="oc-11a">
         <name>.debug_line</name>
         <load_address>0x4080</load_address>
         <run_address>0x4080</run_address>
         <size>0x6d</size>
         <input_file_ref idref="fl-14"/>
      </object_component>
      <object_component id="oc-114">
         <name>.debug_line</name>
         <load_address>0x40ed</load_address>
         <run_address>0x40ed</run_address>
         <size>0x6d</size>
         <input_file_ref idref="fl-14"/>
      </object_component>
      <object_component id="oc-10c">
         <name>.debug_line</name>
         <load_address>0x415a</load_address>
         <run_address>0x415a</run_address>
         <size>0xc7</size>
         <input_file_ref idref="fl-14"/>
      </object_component>
      <object_component id="oc-257">
         <name>.debug_line</name>
         <load_address>0x4221</load_address>
         <run_address>0x4221</run_address>
         <size>0x58</size>
         <input_file_ref idref="fl-14"/>
      </object_component>
      <object_component id="oc-47">
         <name>.debug_line</name>
         <load_address>0x4279</load_address>
         <run_address>0x4279</run_address>
         <size>0x88</size>
         <input_file_ref idref="fl-cb"/>
      </object_component>
      <object_component id="oc-c0">
         <name>.debug_line</name>
         <load_address>0x4301</load_address>
         <run_address>0x4301</run_address>
         <size>0x79</size>
         <input_file_ref idref="fl-cc"/>
      </object_component>
      <object_component id="oc-15e">
         <name>.debug_line</name>
         <load_address>0x437a</load_address>
         <run_address>0x437a</run_address>
         <size>0x92</size>
         <input_file_ref idref="fl-cd"/>
      </object_component>
      <object_component id="oc-5b">
         <name>.debug_line</name>
         <load_address>0x440c</load_address>
         <run_address>0x440c</run_address>
         <size>0x53</size>
         <input_file_ref idref="fl-cd"/>
      </object_component>
      <object_component id="oc-b9">
         <name>.debug_line</name>
         <load_address>0x445f</load_address>
         <run_address>0x445f</run_address>
         <size>0x34</size>
         <input_file_ref idref="fl-cd"/>
      </object_component>
      <object_component id="oc-b4">
         <name>.debug_line</name>
         <load_address>0x4493</load_address>
         <run_address>0x4493</run_address>
         <size>0x20</size>
         <input_file_ref idref="fl-ce"/>
      </object_component>
      <object_component id="oc-1f">
         <name>.debug_line</name>
         <load_address>0x44b3</load_address>
         <run_address>0x44b3</run_address>
         <size>0x55</size>
         <input_file_ref idref="fl-ce"/>
      </object_component>
      <object_component id="oc-4f">
         <name>.debug_line</name>
         <load_address>0x4508</load_address>
         <run_address>0x4508</run_address>
         <size>0x3a</size>
         <input_file_ref idref="fl-ce"/>
      </object_component>
      <object_component id="oc-b1">
         <name>.debug_line</name>
         <load_address>0x4542</load_address>
         <run_address>0x4542</run_address>
         <size>0x92</size>
         <input_file_ref idref="fl-ce"/>
      </object_component>
      <object_component id="oc-157">
         <name>.debug_line</name>
         <load_address>0x45d4</load_address>
         <run_address>0x45d4</run_address>
         <size>0x20</size>
         <input_file_ref idref="fl-cf"/>
      </object_component>
      <object_component id="oc-19">
         <name>.debug_line</name>
         <load_address>0x45f4</load_address>
         <run_address>0x45f4</run_address>
         <size>0xa9</size>
         <input_file_ref idref="fl-cf"/>
      </object_component>
      <object_component id="oc-3f">
         <name>.debug_line</name>
         <load_address>0x469d</load_address>
         <run_address>0x469d</run_address>
         <size>0x3a</size>
         <input_file_ref idref="fl-cf"/>
      </object_component>
      <object_component id="oc-154">
         <name>.debug_line</name>
         <load_address>0x46d7</load_address>
         <run_address>0x46d7</run_address>
         <size>0x9a</size>
         <input_file_ref idref="fl-cf"/>
      </object_component>
      <object_component id="oc-aa">
         <name>.debug_line</name>
         <load_address>0x4771</load_address>
         <run_address>0x4771</run_address>
         <size>0x96</size>
         <input_file_ref idref="fl-cf"/>
      </object_component>
      <object_component id="oc-77">
         <name>.debug_line</name>
         <load_address>0x4807</load_address>
         <run_address>0x4807</run_address>
         <size>0x33</size>
         <input_file_ref idref="fl-d0"/>
      </object_component>
      <object_component id="oc-68">
         <name>.debug_line</name>
         <load_address>0x483a</load_address>
         <run_address>0x483a</run_address>
         <size>0x45</size>
         <input_file_ref idref="fl-d0"/>
      </object_component>
      <object_component id="oc-270">
         <name>.debug_line</name>
         <load_address>0x487f</load_address>
         <run_address>0x487f</run_address>
         <size>0xbf</size>
         <input_file_ref idref="fl-d1"/>
      </object_component>
      <object_component id="oc-16e">
         <name>.debug_line</name>
         <load_address>0x493e</load_address>
         <run_address>0x493e</run_address>
         <size>0x6f</size>
         <input_file_ref idref="fl-d1"/>
      </object_component>
      <object_component id="oc-274">
         <name>.debug_line</name>
         <load_address>0x49ad</load_address>
         <run_address>0x49ad</run_address>
         <size>0x2e</size>
         <input_file_ref idref="fl-d1"/>
      </object_component>
      <object_component id="oc-29b">
         <name>.debug_line</name>
         <load_address>0x49db</load_address>
         <run_address>0x49db</run_address>
         <size>0x9a</size>
         <input_file_ref idref="fl-d1"/>
      </object_component>
      <object_component id="oc-279">
         <name>.debug_line</name>
         <load_address>0x4a75</load_address>
         <run_address>0x4a75</run_address>
         <size>0x97</size>
         <input_file_ref idref="fl-d1"/>
      </object_component>
      <object_component id="oc-27e">
         <name>.debug_line</name>
         <load_address>0x4b0c</load_address>
         <run_address>0x4b0c</run_address>
         <size>0x93</size>
         <input_file_ref idref="fl-d1"/>
      </object_component>
      <object_component id="oc-c7">
         <name>.debug_line</name>
         <load_address>0x4b9f</load_address>
         <run_address>0x4b9f</run_address>
         <size>0x40</size>
         <input_file_ref idref="fl-d2"/>
      </object_component>
      <object_component id="oc-165">
         <name>.debug_line</name>
         <load_address>0x4bdf</load_address>
         <run_address>0x4bdf</run_address>
         <size>0x3c</size>
         <input_file_ref idref="fl-d4"/>
      </object_component>
      <object_component id="oc-8b">
         <name>.debug_frame</name>
         <load_address>0x0</load_address>
         <run_address>0x0</run_address>
         <size>0xa8</size>
         <input_file_ref idref="fl-1"/>
      </object_component>
      <object_component id="oc-29">
         <name>.debug_frame</name>
         <load_address>0xa8</load_address>
         <run_address>0xa8</run_address>
         <size>0x90</size>
         <input_file_ref idref="fl-2"/>
      </object_component>
      <object_component id="oc-e3">
         <name>.debug_frame</name>
         <load_address>0x138</load_address>
         <run_address>0x138</run_address>
         <size>0xac</size>
         <input_file_ref idref="fl-5"/>
      </object_component>
      <object_component id="oc-1d7">
         <name>.debug_frame</name>
         <load_address>0x1e4</load_address>
         <run_address>0x1e4</run_address>
         <size>0x3d8</size>
         <input_file_ref idref="fl-6"/>
      </object_component>
      <object_component id="oc-80">
         <name>.debug_frame</name>
         <load_address>0x5bc</load_address>
         <run_address>0x5bc</run_address>
         <size>0x6a8</size>
         <input_file_ref idref="fl-8"/>
      </object_component>
      <object_component id="oc-100">
         <name>.debug_frame</name>
         <load_address>0xc64</load_address>
         <run_address>0xc64</run_address>
         <size>0x2dc</size>
         <input_file_ref idref="fl-9"/>
      </object_component>
      <object_component id="oc-37">
         <name>.debug_frame</name>
         <load_address>0xf40</load_address>
         <run_address>0xf40</run_address>
         <size>0x114</size>
         <input_file_ref idref="fl-a"/>
      </object_component>
      <object_component id="oc-f1">
         <name>.debug_frame</name>
         <load_address>0x1054</load_address>
         <run_address>0x1054</run_address>
         <size>0x128</size>
         <input_file_ref idref="fl-c"/>
      </object_component>
      <object_component id="oc-12c">
         <name>.debug_frame</name>
         <load_address>0x117c</load_address>
         <run_address>0x117c</run_address>
         <size>0x54</size>
         <input_file_ref idref="fl-12"/>
      </object_component>
      <object_component id="oc-1ff">
         <name>.debug_frame</name>
         <load_address>0x11d0</load_address>
         <run_address>0x11d0</run_address>
         <size>0x54</size>
         <input_file_ref idref="fl-12"/>
      </object_component>
      <object_component id="oc-126">
         <name>.debug_frame</name>
         <load_address>0x1224</load_address>
         <run_address>0x1224</run_address>
         <size>0x68</size>
         <input_file_ref idref="fl-12"/>
      </object_component>
      <object_component id="oc-120">
         <name>.debug_frame</name>
         <load_address>0x128c</load_address>
         <run_address>0x128c</run_address>
         <size>0x5c</size>
         <input_file_ref idref="fl-12"/>
      </object_component>
      <object_component id="oc-119">
         <name>.debug_frame</name>
         <load_address>0x12e8</load_address>
         <run_address>0x12e8</run_address>
         <size>0x54</size>
         <input_file_ref idref="fl-14"/>
      </object_component>
      <object_component id="oc-113">
         <name>.debug_frame</name>
         <load_address>0x133c</load_address>
         <run_address>0x133c</run_address>
         <size>0x54</size>
         <input_file_ref idref="fl-14"/>
      </object_component>
      <object_component id="oc-10b">
         <name>.debug_frame</name>
         <load_address>0x1390</load_address>
         <run_address>0x1390</run_address>
         <size>0x68</size>
         <input_file_ref idref="fl-14"/>
      </object_component>
      <object_component id="oc-5a">
         <name>.debug_frame</name>
         <load_address>0x13f8</load_address>
         <run_address>0x13f8</run_address>
         <size>0x54</size>
         <input_file_ref idref="fl-cd"/>
      </object_component>
      <object_component id="oc-20">
         <name>.debug_frame</name>
         <load_address>0x144c</load_address>
         <run_address>0x144c</run_address>
         <size>0x54</size>
         <input_file_ref idref="fl-ce"/>
      </object_component>
      <object_component id="oc-1a">
         <name>.debug_frame</name>
         <load_address>0x14a0</load_address>
         <run_address>0x14a0</run_address>
         <size>0x60</size>
         <input_file_ref idref="fl-cf"/>
      </object_component>
      <object_component id="oc-69">
         <name>.debug_frame</name>
         <load_address>0x1500</load_address>
         <run_address>0x1500</run_address>
         <size>0x50</size>
         <input_file_ref idref="fl-d0"/>
      </object_component>
      <object_component id="oc-16f">
         <name>.debug_frame</name>
         <load_address>0x1550</load_address>
         <run_address>0x1550</run_address>
         <size>0x5c</size>
         <input_file_ref idref="fl-d1"/>
      </object_component>
      <object_component id="oc-c6">
         <name>.debug_frame</name>
         <load_address>0x15ac</load_address>
         <run_address>0x15ac</run_address>
         <size>0x54</size>
         <input_file_ref idref="fl-d2"/>
      </object_component>
      <object_component id="oc-166">
         <name>.debug_frame</name>
         <load_address>0x1600</load_address>
         <run_address>0x1600</run_address>
         <size>0x54</size>
         <input_file_ref idref="fl-d4"/>
      </object_component>
      <object_component id="oc-204">
         <name>.debug_abbrev</name>
         <load_address>0x0</load_address>
         <run_address>0x0</run_address>
         <size>0xe0</size>
         <input_file_ref idref="fl-1"/>
      </object_component>
      <object_component id="oc-12d">
         <name>.debug_abbrev</name>
         <load_address>0xe0</load_address>
         <run_address>0xe0</run_address>
         <size>0xc8</size>
         <input_file_ref idref="fl-1"/>
      </object_component>
      <object_component id="oc-13f">
         <name>.debug_abbrev</name>
         <load_address>0x1a8</load_address>
         <run_address>0x1a8</run_address>
         <size>0x9f</size>
         <input_file_ref idref="fl-1"/>
      </object_component>
      <object_component id="oc-a4">
         <name>.debug_abbrev</name>
         <load_address>0x247</load_address>
         <run_address>0x247</run_address>
         <size>0x69</size>
         <input_file_ref idref="fl-1"/>
      </object_component>
      <object_component id="oc-149">
         <name>.debug_abbrev</name>
         <load_address>0x2b0</load_address>
         <run_address>0x2b0</run_address>
         <size>0x70</size>
         <input_file_ref idref="fl-1"/>
      </object_component>
      <object_component id="oc-131">
         <name>.debug_abbrev</name>
         <load_address>0x320</load_address>
         <run_address>0x320</run_address>
         <size>0x1f</size>
         <input_file_ref idref="fl-1"/>
      </object_component>
      <object_component id="oc-93">
         <name>.debug_abbrev</name>
         <load_address>0x33f</load_address>
         <run_address>0x33f</run_address>
         <size>0x24</size>
         <input_file_ref idref="fl-1"/>
      </object_component>
      <object_component id="oc-14e">
         <name>.debug_abbrev</name>
         <load_address>0x363</load_address>
         <run_address>0x363</run_address>
         <size>0x5c</size>
         <input_file_ref idref="fl-1"/>
      </object_component>
      <object_component id="oc-25b">
         <name>.debug_abbrev</name>
         <load_address>0x3bf</load_address>
         <run_address>0x3bf</run_address>
         <size>0x24</size>
         <input_file_ref idref="fl-1"/>
      </object_component>
      <object_component id="oc-9d">
         <name>.debug_abbrev</name>
         <load_address>0x3e3</load_address>
         <run_address>0x3e3</run_address>
         <size>0x24</size>
         <input_file_ref idref="fl-1"/>
      </object_component>
      <object_component id="oc-13a">
         <name>.debug_abbrev</name>
         <load_address>0x407</load_address>
         <run_address>0x407</run_address>
         <size>0x24</size>
         <input_file_ref idref="fl-1"/>
      </object_component>
      <object_component id="oc-98">
         <name>.debug_abbrev</name>
         <load_address>0x42b</load_address>
         <run_address>0x42b</run_address>
         <size>0x24</size>
         <input_file_ref idref="fl-1"/>
      </object_component>
      <object_component id="oc-144">
         <name>.debug_abbrev</name>
         <load_address>0x44f</load_address>
         <run_address>0x44f</run_address>
         <size>0x61</size>
         <input_file_ref idref="fl-1"/>
      </object_component>
      <object_component id="oc-a0">
         <name>.debug_abbrev</name>
         <load_address>0x4b0</load_address>
         <run_address>0x4b0</run_address>
         <size>0x7c</size>
         <input_file_ref idref="fl-2"/>
      </object_component>
      <object_component id="oc-38">
         <name>.debug_abbrev</name>
         <load_address>0x52c</load_address>
         <run_address>0x52c</run_address>
         <size>0x29</size>
         <input_file_ref idref="fl-2"/>
      </object_component>
      <object_component id="oc-78">
         <name>.debug_abbrev</name>
         <load_address>0x555</load_address>
         <run_address>0x555</run_address>
         <size>0x79</size>
         <input_file_ref idref="fl-2"/>
      </object_component>
[...]
         <object_component_ref idref="oc-1d5"/>
      </symbol>
      <symbol id="sm-1b9">
         <name>xQueueSemaphoreTake</name>
         <value>0x19db</value>
         <object_component_ref idref="oc-1d5"/>
      </symbol>
      <symbol id="sm-1ba">
         <name>vQueueUnregisterQueue</name>
         <value>0x23cd</value>
         <object_component_ref idref="oc-1d5"/>
      </symbol>
      <symbol id="sm-1bb">
         <name>xQueueGiveFromISR</name>
         <value>0x1eed</value>
         <object_component_ref idref="oc-1d5"/>
      </symbol>
      <symbol id="sm-1bc">
         <name>uxQueueMessagesWaitingFromISR</name>
         <value>0x2487</value>
         <object_component_ref idref="oc-1d5"/>
      </symbol>
      <symbol id="sm-1bd">
         <name>xQueueCreateCountingSemaphore</name>
         <value>0x235b</value>
         <object_component_ref idref="oc-1d5"/>
      </symbol>
      <symbol id="sm-1be">
         <name>vQueueWaitForMessageRestricted</name>
         <value>0x2385</value>
         <object_component_ref idref="oc-1d5"/>
      </symbol>
      <symbol id="sm-1bf">
         <name>vQueueDelete</name>
         <value>0x23fd</value>
         <object_component_ref idref="oc-1d5"/>
      </symbol>
      <symbol id="sm-1c0">
         <name>xQueuePeek</name>
         <value>0x1d93</value>
         <object_component_ref idref="oc-1d5"/>
      </symbol>
      <symbol id="sm-1c1">
         <name>xQueueReceive</name>
         <value>0x1bed</value>
         <object_component_ref idref="oc-1d5"/>
      </symbol>
      <symbol id="sm-1c2">
         <name>pcQueueGetName</name>
         <value>0x24b9</value>
         <object_component_ref idref="oc-1d5"/>
      </symbol>
      <symbol id="sm-39a">
         <name>vTaskDelay</name>
         <value>0x1739</value>
         <object_component_ref idref="oc-7f"/>
      </symbol>
      <symbol id="sm-39b">
         <name>vTaskSuspendAll</name>
         <value>0xc75</value>
         <object_component_ref idref="oc-7f"/>
      </symbol>
      <symbol id="sm-39c">
         <name>vTaskPlaceOnEventList</name>
         <value>0x1539</value>
         <object_component_ref idref="oc-7f"/>
      </symbol>
      <symbol id="sm-39d">
         <name>pvTaskGetThreadLocalStoragePointer</name>
         <value>0x188b</value>
         <object_component_ref idref="oc-7f"/>
      </symbol>
      <symbol id="sm-39e">
         <name>uxTaskPriorityGetFromISR</name>
         <value>0x1787</value>
         <object_component_ref idref="oc-7f"/>
      </symbol>
      <symbol id="sm-39f">
         <name>pcTaskGetName</name>
         <value>0x1905</value>
         <object_component_ref idref="oc-7f"/>
      </symbol>
      <symbol id="sm-3a0">
         <name>xTaskCheckForTimeOut</name>
         <value>0xf01</value>
         <object_component_ref idref="oc-7f"/>
      </symbol>
      <symbol id="sm-3a1">
         <name>vTaskGenericNotifyGiveFromISR</name>
         <value>0x156d</value>
         <object_component_ref idref="oc-7f"/>
      </symbol>
      <symbol id="sm-3a2">
         <name>vTaskRemoveFromUnorderedEventList</name>
         <value>0x121d</value>
         <object_component_ref idref="oc-7f"/>
      </symbol>
      <symbol id="sm-3a3">
         <name>vTaskPrioritySet</name>
         <value>0x12ed</value>
         <object_component_ref idref="oc-7f"/>
      </symbol>
      <symbol id="sm-3a4">
         <name>xTaskPriorityDisinherit</name>
         <value>0x769</value>
         <object_component_ref idref="oc-7f"/>
      </symbol>
      <symbol id="sm-3a5">
         <name>vTaskStartScheduler</name>
         <value>0x10c1</value>
         <object_component_ref idref="oc-7f"/>
      </symbol>
      <symbol id="sm-3a6">
         <name>vTaskInternalSetTimeOutState</name>
         <value>0xef3</value>
         <object_component_ref idref="oc-7f"/>
      </symbol>
      <symbol id="sm-3a7">
         <name>pvTaskIncrementMutexHeldCount</name>
         <value>0x1877</value>
         <object_component_ref idref="oc-7f"/>
      </symbol>
      <symbol id="sm-3a8">
         <name>vTaskSetThreadLocalStoragePointer</name>
         <value>0x1153</value>
         <object_component_ref idref="oc-7f"/>
      </symbol>
      <symbol id="sm-3a9">
         <name>xTaskGenericNotifyStateClear</name>
         <value>0x971</value>
         <object_component_ref idref="oc-7f"/>
      </symbol>
      <symbol id="sm-3aa">
         <name>xTaskGenericNotify</name>
         <value>0xb39</value>
         <object_component_ref idref="oc-7f"/>
      </symbol>
      <symbol id="sm-3ab">
         <name>vTaskPriorityDisinheritAfterTimeout</name>
         <value>0x13dd</value>
         <object_component_ref idref="oc-7f"/>
      </symbol>
      <symbol id="sm-3ac">
         <name>xTaskCreate</name>
         <value>0xe8d</value>
         <object_component_ref idref="oc-7f"/>
      </symbol>
      <symbol id="sm-3ad">
         <name>xTaskDelayUntil</name>
         <value>0xc7f</value>
         <object_component_ref idref="oc-7f"/>
      </symbol>
      <symbol id="sm-3ae">
         <name>vTaskEndScheduler</name>
         <value>0x167d</value>
         <object_component_ref idref="oc-7f"/>
      </symbol>
      <symbol id="sm-3af">
         <name>vTaskMissedYield</name>
         <value>0x1561</value>
         <object_component_ref idref="oc-7f"/>
      </symbol>
      <symbol id="sm-3b0">
         <name>uxTaskGetNumberOfTasks</name>
         <value>0x17c7</value>
         <object_component_ref idref="oc-7f"/>
      </symbol>
      <symbol id="sm-3b1">
         <name>xTaskCatchUpTicks</name>
         <value>0xf6d</value>
         <object_component_ref idref="oc-7f"/>
      </symbol>
      <symbol id="sm-3b2">
         <name>xTaskGenericNotifyFromISR</name>
         <value>0x9b9</value>
         <object_component_ref idref="oc-7f"/>
      </symbol>
      <symbol id="sm-3b3">
         <name>uxTaskPriorityGet</name>
         <value>0x17af</value>
         <object_component_ref idref="oc-7f"/>
      </symbol>
      <symbol id="sm-3b4">
         <name>xTaskResumeAll</name>
         <value>0x487</value>
         <object_component_ref idref="oc-7f"/>
      </symbol>
      <symbol id="sm-3b5">
         <name>xTaskGetTickCount</name>
         <value>0x80d</value>
         <object_component_ref idref="oc-7f"/>
      </symbol>
      <symbol id="sm-3b6">
         <name>ulTaskGenericNotifyTake</name>
         <value>0x17f9</value>
         <object_component_ref idref="oc-7f"/>
      </symbol>
      <symbol id="sm-3b7">
         <name>vTaskDelete</name>
         <value>0x16a7</value>
         <object_component_ref idref="oc-7f"/>
      </symbol>
      <symbol id="sm-3b8">
         <name>ulTaskGenericNotifyValueClear</name>
         <value>0x17d1</value>
         <object_component_ref idref="oc-7f"/>
      </symbol>
      <symbol id="sm-3b9">
         <name>xTaskGenericNotifyWait</name>
         <value>0x8b5</value>
         <object_component_ref idref="oc-7f"/>
      </symbol>
      <symbol id="sm-3ba">
         <name>pxCurrentTCB</name>
         <value>0x20002b58</value>
         <object_component_ref idref="oc-79"/>
      </symbol>
      <symbol id="sm-3bb">
         <name>vTaskSuspend</name>
         <value>0xffd</value>
         <object_component_ref idref="oc-7f"/>
      </symbol>
      <symbol id="sm-3bc">
         <name>xTaskGetTickCountFromISR</name>
         <value>0x801</value>
         <object_component_ref idref="oc-7f"/>
      </symbol>
      <symbol id="sm-3bd">
         <name>vTaskResume</name>
         <value>0x1185</value>
         <object_component_ref idref="oc-7f"/>
      </symbol>
      <symbol id="sm-3be">
         <name>uxTopUsedPriority</name>
         <value>0x3624</value>
         <object_component_ref idref="oc-105"/>
      </symbol>
      <symbol id="sm-3bf">
         <name>vTaskPlaceOnEventListRestricted</name>
         <value>0x14ed</value>
         <object_component_ref idref="oc-7f"/>
      </symbol>
      <symbol id="sm-3c0">
         <name>vTaskSetTimeOutState</name>
         <value>0x112d</value>
         <object_component_ref idref="oc-7f"/>
      </symbol>
      <symbol id="sm-3c1">
         <name>xTaskIncrementTick</name>
         <value>0x357</value>
         <object_component_ref idref="oc-7f"/>
      </symbol>
      <symbol id="sm-3c2">
         <name>vTaskSwitchContext</name>
         <value>0xf9b</value>
         <object_component_ref idref="oc-7f"/>
      </symbol>
      <symbol id="sm-3c3">
         <name>uxTaskResetEventItemValue</name>
         <value>0x1773</value>
         <object_component_ref idref="oc-7f"/>
      </symbol>
      <symbol id="sm-3c4">
         <name>xTaskGetSchedulerState</name>
         <value>0x819</value>
         <object_component_ref idref="oc-7f"/>
      </symbol>
      <symbol id="sm-3c5">
         <name>xTaskResumeFromISR</name>
         <value>0x295</value>
         <object_component_ref idref="oc-7f"/>
      </symbol>
      <symbol id="sm-3c6">
         <name>xTaskGetCurrentTaskHandle</name>
         <value>0x831</value>
         <object_component_ref idref="oc-7f"/>
      </symbol>
      <symbol id="sm-3c7">
         <name>vTaskPlaceOnUnorderedEventList</name>
         <value>0x1483</value>
         <object_component_ref idref="oc-7f"/>
      </symbol>
      <symbol id="sm-3c8">
         <name>xTaskRemoveFromEventList</name>
         <value>0x5e9</value>
         <object_component_ref idref="oc-7f"/>
      </symbol>
      <symbol id="sm-3c9">
         <name>xTaskPriorityInherit</name>
         <value>0x6c9</value>
         <object_component_ref idref="oc-7f"/>
      </symbol>
      <symbol id="sm-46a">
         <name>xTimerGetTimerDaemonTaskHandle</name>
         <value>0x2515</value>
         <object_component_ref idref="oc-ff"/>
      </symbol>
      <symbol id="sm-46b">
         <name>pcTimerGetName</name>
         <value>0x29d7</value>
         <object_component_ref idref="oc-ff"/>
      </symbol>
      <symbol id="sm-46c">
         <name>xTimerCreateTimerTask</name>
         <value>0x260f</value>
         <object_component_ref idref="oc-ff"/>
      </symbol>
      <symbol id="sm-46d">
         <name>xTimerGetExpiryTime</name>
         <value>0x2567</value>
         <object_component_ref idref="oc-ff"/>
      </symbol>
      <symbol id="sm-46e">
         <name>xTimerIsTimerActive</name>
         <value>0x24ed</value>
         <object_component_ref idref="oc-ff"/>
      </symbol>
      <symbol id="sm-46f">
         <name>xTimerGetPeriod</name>
         <value>0x2553</value>
         <object_component_ref idref="oc-ff"/>
      </symbol>
      <symbol id="sm-470">
         <name>xTimerGetReloadMode</name>
         <value>0x252b</value>
         <object_component_ref idref="oc-ff"/>
      </symbol>
      <symbol id="sm-471">
         <name>xTimerCreate</name>
         <value>0x2689</value>
         <object_component_ref idref="oc-ff"/>
      </symbol>
      <symbol id="sm-472">
         <name>vTimerSetReloadMode</name>
         <value>0x26db</value>
         <object_component_ref idref="oc-ff"/>
      </symbol>
      <symbol id="sm-473">
         <name>xTimerGenericCommand</name>
         <value>0x257b</value>
         <object_component_ref idref="oc-ff"/>
      </symbol>
      <symbol id="sm-474">
         <name>uxTimerGetReloadMode</name>
         <value>0x270f</value>
         <object_component_ref idref="oc-ff"/>
      </symbol>
      <symbol id="sm-475">
         <name>pvTimerGetTimerID</name>
         <value>0x2713</value>
         <object_component_ref idref="oc-ff"/>
      </symbol>
      <symbol id="sm-476">
         <name>vTimerSetTimerID</name>
         <value>0x26bd</value>
         <object_component_ref idref="oc-ff"/>
      </symbol>
      <symbol id="sm-4b5">
         <name>ulMaxSyscallInterruptPriority</name>
         <value>0x361c</value>
         <object_component_ref idref="oc-7c"/>
      </symbol>
      <symbol id="sm-4b6">
         <name>vPortSetupTimerInterrupt</name>
         <value>0x2cbb</value>
         <object_component_ref idref="oc-32"/>
      </symbol>
      <symbol id="sm-4b7">
         <name>vPortEndScheduler</name>
         <value>0x2df9</value>
         <object_component_ref idref="oc-32"/>
      </symbol>
      <symbol id="sm-4b8">
         <name>xPortSysTickHandler</name>
         <value>0x2c95</value>
         <object_component_ref idref="oc-32"/>
      </symbol>
      <symbol id="sm-4b9">
         <name>vPortValidateInterruptPriority</name>
         <value>0x2d65</value>
         <object_component_ref idref="oc-32"/>
      </symbol>
      <symbol id="sm-4ba">
         <name>pxPortInitialiseStack</name>
         <value>0x2e0f</value>
         <object_component_ref idref="oc-32"/>
      </symbol>
      <symbol id="sm-4bb">
         <name>vPortExitCritical</name>
         <value>0x2da7</value>
         <object_component_ref idref="oc-32"/>
      </symbol>
      <symbol id="sm-4bc">
         <name>xPortStartScheduler</name>
         <value>0x2ccd</value>
         <object_component_ref idref="oc-32"/>
      </symbol>
      <symbol id="sm-4bd">
         <name>vPortEnterCritical</name>
         <value>0x2dc9</value>
         <object_component_ref idref="oc-32"/>
      </symbol>
      <symbol id="sm-4cc">
         <name>vPortStartFirstTask</name>
         <value>0x31ad</value>
         <object_component_ref idref="oc-2d"/>
      </symbol>
      <symbol id="sm-4cd">
         <name>ulPortGetIPSR</name>
         <value>0x3115</value>
         <object_component_ref idref="oc-2d"/>
      </symbol>
      <symbol id="sm-4ce">
         <name>vPortEnableVFP</name>
         <value>0x31d1</value>
         <object_component_ref idref="oc-2d"/>
      </symbol>
      <symbol id="sm-4cf">
         <name>xPortPendSVHandler</name>
         <value>0x312d</value>
         <object_component_ref idref="oc-2d"/>
      </symbol>
      <symbol id="sm-4d0">
         <name>vPortSVCHandler</name>
         <value>0x318d</value>
         <object_component_ref idref="oc-2d"/>
      </symbol>
      <symbol id="sm-52a">
         <name>vPortInitialiseBlocks</name>
         <value>0x2a09</value>
         <object_component_ref idref="oc-f0"/>
      </symbol>
      <symbol id="sm-52b">
         <name>vPortGetHeapStats</name>
         <value>0x2a0b</value>
         <object_component_ref idref="oc-f0"/>
      </symbol>
      <symbol id="sm-52c">
         <name>xPortGetFreeHeapSize</name>
         <value>0x2a03</value>
         <object_component_ref idref="oc-f0"/>
      </symbol>
      <symbol id="sm-52d">
         <name>pvPortCalloc</name>
         <value>0x2c23</value>
         <object_component_ref idref="oc-f0"/>
      </symbol>
      <symbol id="sm-52e">
         <name>pvPortMalloc</name>
         <value>0x2b4d</value>
         <object_component_ref idref="oc-f0"/>
      </symbol>
      <symbol id="sm-52f">
         <name>vPortFree</name>
         <value>0x2aad</value>
         <object_component_ref idref="oc-f0"/>
      </symbol>
      <symbol id="sm-530">
         <name>xPortGetMinimumEverFreeHeapSize</name>
         <value>0x29fd</value>
         <object_component_ref idref="oc-f0"/>
      </symbol>
      <symbol id="sm-55e">
         <name>GPIOPinTypeGPIOOutput</name>
         <value>0x35c9</value>
         <object_component_ref idref="oc-11b"/>
      </symbol>
      <symbol id="sm-55f">
         <name>GPIODirModeSet</name>
         <value>0x359d</value>
         <object_component_ref idref="oc-1fa"/>
      </symbol>
      <symbol id="sm-560">
         <name>GPIOPinWrite</name>
         <value>0x3609</value>
         <object_component_ref idref="oc-127"/>
      </symbol>
      <symbol id="sm-561">
         <name>GPIOPadConfigSet</name>
         <value>0x2ea5</value>
         <object_component_ref idref="oc-121"/>
      </symbol>
      <symbol id="sm-598">
         <name>SysCtlClockSet</name>
         <value>0x3011</value>
         <object_component_ref idref="oc-109"/>
      </symbol>
      <symbol id="sm-599">
         <name>SysCtlDelay</name>
         <value>0x360f</value>
         <object_component_ref idref="oc-1f5"/>
      </symbol>
      <symbol id="sm-59a">
         <name>SysCtlPeripheralEnable</name>
         <value>0x3535</value>
         <object_component_ref idref="oc-10f"/>
      </symbol>
      <symbol id="sm-59b">
         <name>SysCtlPeripheralReady</name>
         <value>0x34fd</value>
         <object_component_ref idref="oc-115"/>
      </symbol>
      <symbol id="sm-5b7">
         <name>memcpy</name>
         <value>0x32a9</value>
         <object_component_ref idref="oc-46"/>
      </symbol>
      <symbol id="sm-5b8">
         <name>__aeabi_memcpy</name>
         <value>0x32a9</value>
         <object_component_ref idref="oc-46"/>
      </symbol>
      <symbol id="sm-5b9">
         <name>__aeabi_memcpy8</name>
         <value>0x32a9</value>
         <object_component_ref idref="oc-46"/>
      </symbol>
      <symbol id="sm-5ba">
         <name>__aeabi_memcpy4</name>
         <value>0x32a9</value>
         <object_component_ref idref="oc-46"/>
      </symbol>
      <symbol id="sm-5c9">
         <name>__aeabi_memset</name>
         <value>0x33d9</value>
         <object_component_ref idref="oc-bc"/>
      </symbol>
      <symbol id="sm-5ca">
         <name>memset</name>
         <value>0x33df</value>
         <object_component_ref idref="oc-bc"/>
      </symbol>
      <symbol id="sm-5cb">
         <name>__aeabi_memset8</name>
         <value>0x33d9</value>
         <object_component_ref idref="oc-bc"/>
      </symbol>
      <symbol id="sm-5cc">
         <name>__aeabi_memset4</name>
         <value>0x33d9</value>
         <object_component_ref idref="oc-bc"/>
      </symbol>
      <symbol id="sm-5cd">
         <name>__aeabi_memclr8</name>
         <value>0x33d7</value>
         <object_component_ref idref="oc-bc"/>
      </symbol>
      <symbol id="sm-5ce">
         <name>__aeabi_memclr4</name>
         <value>0x33d7</value>
         <object_component_ref idref="oc-bc"/>
      </symbol>
      <symbol id="sm-5cf">
         <name>__aeabi_memclr</name>
         <value>0x33d7</value>
         <object_component_ref idref="oc-bc"/>
      </symbol>
      <symbol id="sm-5e1">
         <name>__TI_zero_init</name>
         <value>0x35f1</value>
         <object_component_ref idref="oc-58"/>
      </symbol>
      <symbol id="sm-5f8">
         <name>__TI_decompress_none</name>
         <value>0x35e3</value>
         <object_component_ref idref="oc-1b"/>
      </symbol>
      <symbol id="sm-61b">
         <name>__TI_decompress_lzss</name>
         <value>0x3451</value>
         <object_component_ref idref="oc-15"/>
      </symbol>
      <symbol id="sm-62e">
         <name>__stack</name>
         <value>0x20002958</value>
         <object_component_ref idref="oc-24"/>
      </symbol>
      <symbol id="sm-62f">
         <name>_c_int00_noargs</name>
         <value>0x3569</value>
         <object_component_ref idref="oc-64"/>
      </symbol>
      <symbol id="sm-657">
         <name>__TI_auto_init_nobinit_nopinit</name>
         <value>0x34b9</value>
         <object_component_ref idref="oc-16d"/>
      </symbol>
      <symbol id="sm-661">
         <name>_system_pre_init</name>
         <value>0x3615</value>
         <object_component_ref idref="oc-c2"/>
      </symbol>
      <symbol id="sm-66d">
         <name>C$$EXIT</name>
         <value>0x3619</value>
         <object_component_ref idref="oc-161"/>
      </symbol>
      <symbol id="sm-66e">
         <name>abort</name>
         <value>0x3619</value>
         <object_component_ref idref="oc-161"/>
      </symbol>
      <symbol id="sm-671">
         <name>__TI_static_base__</name>
         <value>0x0</value>
      </symbol>
      <symbol id="sm-674">
         <name>__mpu_init</name>
         <value>0x0</value>
      </symbol>
      <symbol id="sm-675">
         <name>_system_post_cinit</name>
         <value>0x0</value>
      </symbol>
   </symbol_table>
   <title>Link successful</title>
</link_info>
